Archive member included to satisfy reference by file (symbol)

app/libapp.a(main.c.obj)      (--whole-archive)
app/libapp.a(accel_service.c.obj)
                              (--whole-archive)
zephyr/libzephyr.a(validate_libc.c.obj)
                              (--whole-archive)
zephyr/libzephyr.a(heap.c.obj)
                              (--whole-archive)
zephyr/libzephyr.a(cbprintf_packaged.c.obj)
                              (--whole-archive)
zephyr/libzephyr.a(clock.c.obj)
                              (--whole-archive)
zephyr/libzephyr.a(printk.c.obj)
                              (--whole-archive)
zephyr/libzephyr.a(sem.c.obj)
                              (--whole-archive)
zephyr/libzephyr.a(thread_entry.c.obj)
                              (--whole-archive)
zephyr/libzephyr.a(cbprintf_complete.c.obj)
                              (--whole-archive)
zephyr/libzephyr.a(cbprintf.c.obj)
                              (--whole-archive)
zephyr/libzephyr.a(assert.c.obj)
                              (--whole-archive)
zephyr/libzephyr.a(dec.c.obj)
                              (--whole-archive)
zephyr/libzephyr.a(hex.c.obj)
                              (--whole-archive)
zephyr/libzephyr.a(rb.c.obj)  (--whole-archive)
zephyr/libzephyr.a(timeutil.c.obj)
                              (--whole-archive)
zephyr/libzephyr.a(bitarray.c.obj)
                              (--whole-archive)
zephyr/libzephyr.a(bitmask.c.obj)
                              (--whole-archive)
zephyr/libzephyr.a(onoff.c.obj)
                              (--whole-archive)
zephyr/libzephyr.a(notify.c.obj)
                              (--whole-archive)
zephyr/libzephyr.a(ring_buffer.c.obj)
                              (--whole-archive)
zephyr/libzephyr.a(last_section_id.c.obj)
                              (--whole-archive)
zephyr/libzephyr.a(configs.c.obj)
                              (--whole-archive)
zephyr/libzephyr.a(thread_info.c.obj)
                              (--whole-archive)
zephyr/libzephyr.a(nvs.c.obj)
                              (--whole-archive)
zephyr/libzephyr.a(ipc_service.c.obj)
                              (--whole-archive)
zephyr/libzephyr.a(ipc_rpmsg_static_vrings.c.obj)
                              (--whole-archive)
zephyr/libzephyr.a(ipc_rpmsg.c.obj)
                              (--whole-archive)
zephyr/libzephyr.a(ipc_static_vrings.c.obj)
                              (--whole-archive)
zephyr/libzephyr.a(mem_attr.c.obj)
                              (--whole-archive)
zephyr/libzephyr.a(device.c.obj)
                              (--whole-archive)
zephyr/libzephyr.a(device_runtime.c.obj)
                              (--whole-archive)
zephyr/libzephyr.a(flash_map.c.obj)
                              (--whole-archive)
zephyr/libzephyr.a(flash_map_layout.c.obj)
                              (--whole-archive)
zephyr/libzephyr.a(tracing_none.c.obj)
                              (--whole-archive)
zephyr/libzephyr.a(settings_store.c.obj)
                              (--whole-archive)
zephyr/libzephyr.a(settings.c.obj)
                              (--whole-archive)
zephyr/libzephyr.a(settings_init.c.obj)
                              (--whole-archive)
zephyr/libzephyr.a(settings_line.c.obj)
                              (--whole-archive)
zephyr/libzephyr.a(settings_nvs.c.obj)
                              (--whole-archive)
zephyr/libzephyr.a(flash_util.c.obj)
                              (--whole-archive)
zephyr/libzephyr.a(banner.c.obj)
                              (--whole-archive)
zephyr/libzephyr.a(hci_vs_sdc.c.obj)
                              (--whole-archive)
zephyr/libzephyr.a(host_extensions.c.obj)
                              (--whole-archive)
zephyr/libzephyr.a(nrf_cc3xx_platform_abort_zephyr.c.obj)
                              (--whole-archive)
zephyr/libzephyr.a(nrf_cc3xx_platform_mutex_zephyr.c.obj)
                              (--whole-archive)
zephyr/libzephyr.a(flash_map_partition_manager.c.obj)
                              (--whole-archive)
zephyr/arch/common/libarch__common.a(sw_isr_common.c.obj)
                              (--whole-archive)
zephyr/arch/common/libarch__common.a(init.c.obj)
                              (--whole-archive)
zephyr/arch/common/libarch__common.a(xip.c.obj)
                              (--whole-archive)
zephyr/arch/arch/arm/core/libarch__arm__core.a(fatal.c.obj)
                              (--whole-archive)
zephyr/arch/arch/arm/core/libarch__arm__core.a(nmi.c.obj)
                              (--whole-archive)
zephyr/arch/arch/arm/core/libarch__arm__core.a(nmi_on_reset.S.obj)
                              (--whole-archive)
zephyr/arch/arch/arm/core/cortex_m/libarch__arm__core__cortex_m.a(exc_exit.c.obj)
                              (--whole-archive)
zephyr/arch/arch/arm/core/cortex_m/libarch__arm__core__cortex_m.a(fault.c.obj)
                              (--whole-archive)
zephyr/arch/arch/arm/core/cortex_m/libarch__arm__core__cortex_m.a(fault_s.S.obj)
[...]
Memory Configuration

Name             Origin             Length             Attributes
FLASH            0x0000000000000000 0x00000000000fc000 xr
RAM              0x0000000020000000 0x0000000000070000 xw
IDT_LIST         0x00000000ffff7fff 0x0000000000008000 xw
*default*        0x0000000000000000 0xffffffffffffffff

Linker script and memory map

LOAD zephyr/CMakeFiles/zephyr_final.dir/misc/empty_file.c.obj
LOAD zephyr/CMakeFiles/zephyr_final.dir/isr_tables.c.obj
LOAD zephyr/CMakeFiles/offsets.dir/./arch/arm/core/offsets/offsets.c.obj
LOAD app/libapp.a
LOAD zephyr/libzephyr.a
LOAD zephyr/arch/common/libarch__common.a
LOAD zephyr/arch/arch/arm/core/libarch__arm__core.a
LOAD zephyr/arch/arch/arm/core/cortex_m/libarch__arm__core__cortex_m.a
LOAD zephyr/arch/arch/arm/core/cortex_m/cmse/libarch__arm__core__cortex_m__cmse.a
LOAD zephyr/arch/arch/arm/core/mpu/libarch__arm__core__mpu.a
LOAD zephyr/lib/libc/newlib/liblib__libc__newlib.a
LOAD zephyr/lib/libc/common/liblib__libc__common.a
LOAD zephyr/lib/net_buf/liblib__net_buf.a
LOAD zephyr/soc/soc/nrf5340/libsoc__nordic.a
LOAD zephyr/subsys/random/libsubsys__random.a
LOAD zephyr/subsys/bluetooth/common/libsubsys__bluetooth__common.a
LOAD zephyr/subsys/bluetooth/host/libsubsys__bluetooth__host.a
LOAD zephyr/subsys/crc/libsubsys__crc.a
LOAD zephyr/drivers/bluetooth/libdrivers__bluetooth.a
LOAD zephyr/drivers/clock_control/libdrivers__clock_control.a
LOAD zephyr/drivers/entropy/libdrivers__entropy.a
LOAD zephyr/drivers/flash/libdrivers__flash.a
LOAD zephyr/drivers/i2c/libdrivers__i2c.a
LOAD zephyr/drivers/mbox/libdrivers__mbox.a
LOAD zephyr/drivers/pinctrl/libdrivers__pinctrl.a
LOAD zephyr/drivers/sensor/tdk/mpu6050/libdrivers__sensor__tdk__mpu6050.a
LOAD zephyr/drivers/serial/libdrivers__serial.a
LOAD zephyr/drivers/timer/libdrivers__timer.a
LOAD modules/nrf/subsys/nrf_security/src/zephyr/libmbedtls_zephyr.a
LOAD modules/nrf/drivers/hw_cc3xx/lib..__nrf__drivers__hw_cc3xx.a
LOAD modules/hal_nordic/modules/hal_nordic/nrfx/libmodules__hal_nordic__nrfx.a
LOAD modules/libmetal/libmetal/lib/libmetal.a
LOAD modules/open-amp/open-amp/lib/libopen_amp.a
LOAD zephyr/kernel/libkernel.a
LOAD modules/nrf/subsys/nrf_security/src/libmbedcrypto.a
LOAD modules/nrf/subsys/nrf_security/src/core/nrf_oberon/libpsa_core.a
LOAD modules/nrf/subsys/nrf_security/src/drivers/nrf_oberon/liboberon_psa_driver.a
LOAD /home/smalab/ncs/v3.2.1/nrfxlib/crypto/nrf_oberon/lib/cortex-m33/hard-float/liboberon_mbedtls_3.0.17.a
LOAD modules/nrf/subsys/nrf_security/src/libmbedcrypto.a
LOAD modules/nrf/subsys/nrf_security/src/core/nrf_oberon/libpsa_core.a
LOAD modules/nrf/subsys/nrf_security/src/drivers/nrf_oberon/liboberon_psa_driver.a
LOAD /home/smalab/ncs/v3.2.1/nrfxlib/crypto/nrf_oberon/lib/cortex-m33/hard-float/liboberon_mbedtls_3.0.17.a
LOAD modules/nrf/subsys/nrf_security/src/libmbedcrypto_base.a
LOAD modules/nrf/subsys/nrf_security/src/libnrf_security_utils.a
LOAD zephyr/kernel/libkernel.a
LOAD /home/smalab/ncs/v3.2.1/nrfxlib/crypto/nrf_oberon/lib/cortex-m33/hard-float/liboberon_3.0.17.a
LOAD zephyr/arch/common/libisr_tables.a
LOAD /home/smalab/ncs/v3.2.1/nrfxlib/crypto/nrf_cc312_platform/lib/cortex-m33/hard-float/no-interrupts/libnrf_cc312_platform_0.9.19.a
LOAD /home/smalab/ncs/toolchains/43683a87ea/opt/zephyr-sdk/arm-zephyr-eabi/arm-zephyr-eabi/lib/thumb/v8-m.main+fp/hard/libc_nano.a
LOAD /home/smalab/ncs/toolchains/43683a87ea/opt/zephyr-sdk/arm-zephyr-eabi/arm-zephyr-eabi/lib/thumb/v8-m.main+fp/hard/libm_nano.a
LOAD /home/smalab/ncs/toolchains/43683a87ea/opt/zephyr-sdk/arm-zephyr-eabi/arm-zephyr-eabi/lib/thumb/v8-m.main+fp/hard/libc_nano.a
LOAD /home/smalab/ncs/toolchains/43683a87ea/opt/zephyr-sdk/arm-zephyr-eabi/bin/../lib/gcc/arm-zephyr-eabi/12.2.0/thumb/v8-m.main+fp/hard/libgcc.a
LOAD /home/smalab/ncs/toolchains/43683a87ea/opt/zephyr-sdk/arm-zephyr-eabi/arm-zephyr-eabi/lib/thumb/v8-m.main+fp/hard/libc_nano.a
                0x0000000000000020                _region_min_align = 0x20

.rel.plt        0x0000000000000000        0x0
 *(SORT_BY_ALIGNMENT(.rel.plt))
                [!provide]                        PROVIDE (__rel_iplt_start = .)
 *(SORT_BY_ALIGNMENT(.rel.iplt))
 .rel.iplt      0x0000000000000000        0x0 zephyr/CMakeFiles/zephyr_final.dir/isr_tables.c.obj
                [!provide]                        PROVIDE (__rel_iplt_end = .)

.rela.plt       0x0000000000000000        0x0
 *(SORT_BY_ALIGNMENT(.rela.plt))
                [!provide]                        PROVIDE (__rela_iplt_start = .)
 *(SORT_BY_ALIGNMENT(.rela.iplt))
                [!provide]                        PROVIDE (__rela_iplt_end = .)

.rel.dyn
 *(SORT_BY_ALIGNMENT(.rel.*))

.rela.dyn
 *(SORT_BY_ALIGNMENT(.rela.*))

/DISCARD/
 *(SORT_BY_ALIGNMENT(.plt))

/DISCARD/
 *(SORT_BY_ALIGNMENT(.iplt))
                0x0000000000000000                __rom_region_start = 0x0

rom_start       0x0000000000000000      0x154
                0x0000000000000000                __rom_start_address = .
 FILL mask 0x00
                0x0000000000000000                . = (. + (0x0 - (. - __rom_start_address)))
                0x0000000000000000                . = ALIGN (0x4)
                0x0000000000000000                . = ALIGN (0x80)
                0x0000000000000000                . = ALIGN (0x200)
                0x0000000000000000                _vector_start = .
 *(SORT_BY_ALIGNMENT(.exc_vector_table))
 *(SORT_BY_ALIGNMENT(.exc_vector_table.*))
 .exc_vector_table._vector_table_section
                0x0000000000000000       0x40 zephyr/arch/arch/arm/core/cortex_m/libarch__arm__core__cortex_m.a(vector_table.S.obj)
                0x0000000000000000                _vector_table
 *(SORT_BY_ALIGNMENT(.vectors))
                0x0000000000000154                _vector_end = .
                0x0000000000000040                . = ALIGN (0x4)
 *(SORT_BY_ALIGNMENT(.gnu.linkonce.irq_vector_table*))
 .gnu.linkonce.irq_vector_table
                0x0000000000000040      0x114 zephyr/CMakeFiles/zephyr_final.dir/isr_tables.c.obj
                0x0000000000000040                _irq_vector_table
                0x0000000000000154                _vector_end = .

text            0x0000000000000158    0x18c08
                0x0000000000000158                __text_region_start = .
 *(SORT_BY_ALIGNMENT(.text))
 .text          0x0000000000000158      0x484 /home/smalab/ncs/v3.2.1/nrfxlib/crypto/nrf_oberon/lib/cortex-m33/hard-float/liboberon_3.0.17.a(ocrypto_aes.s.obj)
                0x0000000000000158                ocrypto_aes_slice
                0x0000000000000204                ocrypto_aes_unslice
                0x00000000000002b0                ocrypto_aes_encrypt_block
                0x0000000000000558                ocrypto_aes_key_schedule
 .text          0x00000000000005dc      0x2a8 /home/smalab/ncs/v3.2.1/nrfxlib/crypto/nrf_oberon/lib/cortex-m33/hard-float/liboberon_3.0.17.a(ocrypto_aes_dec.s.obj)
                0x00000000000005dc                ocrypto_aes_decrypt_block
                0x0000000000000880                ocrypto_aes_decrypt_key_schedule
 .text          0x0000000000000884       0x5c /home/smalab/ncs/v3.2.1/nrfxlib/crypto/nrf_oberon/lib/cortex-m33/hard-float/liboberon_3.0.17.a(ocrypto_constant_time.s.obj)
                0x0000000000000884                ocrypto_constant_time_equal
                0x00000000000008ac                ocrypto_constant_time_is_zero
                0x00000000000008c8                ocrypto_constant_time_xor
 .text          0x00000000000008e0      0x378 /home/smalab/ncs/toolchains/43683a87ea/opt/zephyr-sdk/arm-zephyr-eabi/bin/../lib/gcc/arm-zephyr-eabi/12.2.0/thumb/v8-m.main+fp/hard/libgcc.a(_arm_addsubdf3.o)
                0x00000000000008e0                __aeabi_drsub
                0x00000000000008e8                __aeabi_dsub
                0x00000000000008e8                __subdf3
                0x00000000000008ec                __adddf3
                0x00000000000008ec                __aeabi_dadd
                0x0000000000000b64                __aeabi_ui2d
                0x0000000000000b64                __floatunsidf
                0x0000000000000b84                __floatsidf
                0x0000000000000b84                __aeabi_i2d
                0x0000000000000ba8                __extendsfdf2
                0x0000000000000ba8                __aeabi_f2d
                0x0000000000000bec                __aeabi_ul2d
                0x0000000000000bec                __floatundidf
                0x0000000000000bfc                __floatdidf
                0x0000000000000bfc                __aeabi_l2d
 .text          0x0000000000000c58      0x424 /home/smalab/ncs/toolchains/43683a87ea/opt/zephyr-sdk/arm-zephyr-eabi/bin/../lib/gcc/arm-zephyr-eabi/12.2.0/thumb/v8-m.main+fp/hard/libgcc.a(_arm_muldivdf3.o)
                0x0000000000000c58                __aeabi_dmul
                0x0000000000000c58                __muldf3
                0x0000000000000eac                __aeabi_ddiv
                0x0000000000000eac                __divdf3
 .text          0x000000000000107c       0xa0 /home/smalab/ncs/toolchains/43683a87ea/opt/zephyr-sdk/arm-zephyr-eabi/bin/../lib/gcc/arm-zephyr-eabi/12.2.0/thumb/v8-m.main+fp/hard/libgcc.a(_arm_truncdfsf2.o)
                0x000000000000107c                __aeabi_d2f
                0x000000000000107c                __truncdfsf2
 .text          0x000000000000111c       0xa0 /home/smalab/ncs/toolchains/43683a87ea/opt/zephyr-sdk/arm-zephyr-eabi/bin/../lib/gcc/arm-zephyr-eabi/12.2.0/thumb/v8-m.main+fp/hard/libgcc.a(_aeabi_ldivmod.o)
                0x000000000000111c                __aeabi_ldivmod
 .text          0x00000000000011bc       0x30 /home/smalab/ncs/toolchains/43683a87ea/opt/zephyr-sdk/arm-zephyr-eabi/bin/../lib/gcc/arm-zephyr-eabi/12.2.0/thumb/v8-m.main+fp/hard/libgcc.a(_aeabi_uldivmod.o)
                0x00000000000011bc                __aeabi_uldivmod
 .text          0x00000000000011ec        0x4 /home/smalab/ncs/toolchains/43683a87ea/opt/zephyr-sdk/arm-zephyr-eabi/bin/../lib/gcc/arm-zephyr-eabi/12.2.0/thumb/v8-m.main+fp/hard/libgcc.a(_dvmd_tls.o)
                0x00000000000011ec                __aeabi_ldiv0
                0x00000000000011ec                __aeabi_idiv0
 .text          0x00000000000011f0       0x14 /home/smalab/ncs/toolchains/43683a87ea/opt/zephyr-sdk/arm-zephyr-eabi/arm-zephyr-eabi/lib/thumb/v8-m.main+fp/hard/libc_nano.a(lib_a-strcmp.o)
                0x00000000000011f0                strcmp
 .text          0x0000000000001204       0x10 /home/smalab/ncs/toolchains/43683a87ea/opt/zephyr-sdk/arm-zephyr-eabi/arm-zephyr-eabi/lib/thumb/v8-m.main+fp/hard/libc_nano.a(lib_a-strlen.o)
                0x0000000000001204                strlen
 .text          0x0000000000001214      0x29c /home/smalab/ncs/toolchains/43683a87ea/opt/zephyr-sdk/arm-zephyr-eabi/bin/../lib/gcc/arm-zephyr-eabi/12.2.0/thumb/v8-m.main+fp/hard/libgcc.a(_udivmoddi4.o)
                0x0000000000001214                __udivmoddi4
 *(SORT_BY_ALIGNMENT(.text.*))
 .text.sensor_thread_fn
                0x00000000000014b0      0x19c app/libapp.a(main.c.obj)
 *fill*         0x000000000000164c        0x4 
 .text.z_cbvprintf_impl
                0x0000000000001650      0xd1c zephyr/libzephyr.a(cbprintf_complete.c.obj)
                0x0000000000001650                z_cbvprintf_impl
 .text.main     0x000000000000236c       0x84 app/libapp.a(main.c.obj)
                0x000000000000236c                main
 .text.accel_data_ccc_changed
                0x00000000000023f0       0x10 app/libapp.a(accel_service.c.obj)
 .text.timestamp_ccc_changed
                0x0000000000002400       0x10 app/libapp.a(accel_service.c.obj)
 .text.read_sensor_meta
                0x0000000000002410       0x1c app/libapp.a(accel_service.c.obj)
 .text.read_sampling_rate
                0x000000000000242c       0x1c app/libapp.a(accel_service.c.obj)
 .text.read_timestamp
                0x0000000000002448       0x34 app/libapp.a(accel_service.c.obj)
 .text.accel_service_notify_batch
                0x000000000000247c       0x60 app/libapp.a(accel_service.c.obj)
                0x000000000000247c                accel_service_notify_batch
 .text.accel_service_data_notify_enabled
                0x00000000000024dc        0xc app/libapp.a(accel_service.c.obj)
                0x00000000000024dc                accel_service_data_notify_enabled
 .text.accel_service_set_conn
                0x00000000000024e8       0x20 app/libapp.a(accel_service.c.obj)
                0x00000000000024e8                accel_service_set_conn
 .text.char_out
                0x0000000000002508        0xc zephyr/libzephyr.a(printk.c.obj)
 .text.vprintk  0x0000000000002514       0x1c zephyr/libzephyr.a(printk.c.obj)
                0x0000000000002514                vprintk
 .text.vsnprintk
                0x0000000000002530       0x2c zephyr/libzephyr.a(printk.c.obj)
                0x0000000000002530                vsnprintk
 .text.extract_decimal
                0x000000000000255c       0x2c zephyr/libzephyr.a(cbprintf_complete.c.obj)
 .text.encode_uint
                0x0000000000002588       0x9c zephyr/libzephyr.a(cbprintf_complete.c.obj)
 .text.process_event
                0x0000000000002624      0x21c zephyr/libzephyr.a(onoff.c.obj)
 .text.nvs_recover_last_ate
                0x0000000000002840       0x64 zephyr/libzephyr.a(nvs.c.obj)
 .text.nvs_sector_close
                0x00000000000028a4       0x58 zephyr/libzephyr.a(nvs.c.obj)
 .text.nvs_mount
                0x00000000000028fc      0x2c8 zephyr/libzephyr.a(nvs.c.obj)
                0x00000000000028fc                nvs_mount
 .text.shared_memory_prepare
                0x0000000000002bc4       0x14 zephyr/libzephyr.a(ipc_rpmsg_static_vrings.c.obj)
 .text.advertise_ept
                0x0000000000002bd8       0x44 zephyr/libzephyr.a(ipc_rpmsg_static_vrings.c.obj)
 .text.get_ept  0x0000000000002c1c       0x28 zephyr/libzephyr.a(ipc_rpmsg_static_vrings.c.obj)
 .text.open     0x0000000000002c44      0x1cc zephyr/libzephyr.a(ipc_rpmsg_static_vrings.c.obj)
 .text.bound_cb
                0x0000000000002e10       0x30 zephyr/libzephyr.a(ipc_rpmsg_static_vrings.c.obj)
 .text.send     0x0000000000002e40       0x4c zephyr/libzephyr.a(ipc_rpmsg_static_vrings.c.obj)
 .text.register_ept
                0x0000000000002e8c       0xec zephyr/libzephyr.a(ipc_rpmsg_static_vrings.c.obj)
 .text.deregister_ept
                0x0000000000002f78       0x44 zephyr/libzephyr.a(ipc_rpmsg_static_vrings.c.obj)
 .text.ns_bind_cb
                0x0000000000002fbc       0x6c zephyr/libzephyr.a(ipc_rpmsg.c.obj)
 .text.ipc_rpmsg_register_ept
                0x0000000000003028       0x3c zephyr/libzephyr.a(ipc_rpmsg.c.obj)
                0x0000000000003028                ipc_rpmsg_register_ept
 .text.ipc_rpmsg_init
                0x0000000000003064       0x70 zephyr/libzephyr.a(ipc_rpmsg.c.obj)
                0x0000000000003064                ipc_rpmsg_init
 .text.ipc_static_vrings_init
                0x00000000000030d4       0xbc zephyr/libzephyr.a(ipc_static_vrings.c.obj)
                0x00000000000030d4                ipc_static_vrings_init
 .text.mem_attr_get_regions
                0x0000000000003190        0xc zephyr/libzephyr.a(mem_attr.c.obj)
                0x0000000000003190                mem_attr_get_regions
 .text.pm_device_runtime_get
                0x000000000000319c      0x19c zephyr/libzephyr.a(device_runtime.c.obj)
                0x000000000000319c                pm_device_runtime_get
 .text.runtime_suspend
                0x0000000000003338       0xc4 zephyr/libzephyr.a(device_runtime.c.obj)
 .text.pm_device_runtime_enable
                0x00000000000033fc       0xe0 zephyr/libzephyr.a(device_runtime.c.obj)
                0x00000000000033fc                pm_device_runtime_enable
 .text.flash_area_open
                0x00000000000034dc       0x4c zephyr/libzephyr.a(flash_map.c.obj)
                0x00000000000034dc                flash_area_open
 .text.flash_area_sectors
                0x0000000000003528       0x34 zephyr/libzephyr.a(flash_map_layout.c.obj)
                0x0000000000003528                flash_area_sectors
 .text.settings_save_one
                0x000000000000355c       0x3c zephyr/libzephyr.a(settings_store.c.obj)
                0x000000000000355c                settings_save_one
 .text.settings_src_register
                0x0000000000003598       0x1c zephyr/libzephyr.a(settings_store.c.obj)
                0x0000000000003598                settings_src_register
 .text.settings_dst_register
                0x00000000000035b4        0xc zephyr/libzephyr.a(settings_store.c.obj)
                0x00000000000035b4                settings_dst_register
 .text.settings_load_subtree
                0x00000000000035c0       0x3c zephyr/libzephyr.a(settings_store.c.obj)
                0x00000000000035c0                settings_load_subtree
 .text.settings_load_subtree_direct
                0x00000000000035fc       0x30 zephyr/libzephyr.a(settings_store.c.obj)
                0x00000000000035fc                settings_load_subtree_direct
 .text.settings_store_init
                0x000000000000362c       0x10 zephyr/libzephyr.a(settings_store.c.obj)
                0x000000000000362c                settings_store_init
 .text.settings_init
                0x000000000000363c       0x10 zephyr/libzephyr.a(settings.c.obj)
                0x000000000000363c                settings_init
 .text.settings_parse_and_lookup
                0x000000000000364c       0x98 zephyr/libzephyr.a(settings.c.obj)
                0x000000000000364c                settings_parse_and_lookup
 .text.settings_commit_subtree
                0x00000000000036e4       0xc0 zephyr/libzephyr.a(settings.c.obj)
                0x00000000000036e4                settings_commit_subtree
 .text.settings_lock_take
                0x00000000000037a4       0x14 zephyr/libzephyr.a(settings.c.obj)
                0x00000000000037a4                settings_lock_take
 .text.settings_lock_release
                0x00000000000037b8        0xc zephyr/libzephyr.a(settings.c.obj)
                0x00000000000037b8                settings_lock_release
 .text.settings_subsys_init
                0x00000000000037c4       0x2c zephyr/libzephyr.a(settings_init.c.obj)
                0x00000000000037c4                settings_subsys_init
 .text.settings_nvs_load
                0x00000000000037f0       0xbc zephyr/libzephyr.a(settings_nvs.c.obj)
 .text.settings_backend_init
                0x00000000000038ac       0x84 zephyr/libzephyr.a(settings_nvs.c.obj)
                0x00000000000038ac                settings_backend_init
 .text.boot_banner
                0x0000000000003930       0x1c zephyr/libzephyr.a(banner.c.obj)
                0x0000000000003930                boot_banner
 .text.nrf_cc3xx_platform_abort_init
                0x000000000000394c        0xc zephyr/libzephyr.a(nrf_cc3xx_platform_abort_zephyr.c.obj)
                0x000000000000394c                nrf_cc3xx_platform_abort_init
 .text.mutex_free_platform
                0x0000000000003958       0x54 zephyr/libzephyr.a(nrf_cc3xx_platform_mutex_zephyr.c.obj)
 .text.mutex_lock_platform
                0x00000000000039ac       0x74 zephyr/libzephyr.a(nrf_cc3xx_platform_mutex_zephyr.c.obj)
 .text.mutex_unlock_platform
                0x0000000000003a20       0x68 zephyr/libzephyr.a(nrf_cc3xx_platform_mutex_zephyr.c.obj)
 .text.mutex_init_platform
                0x0000000000003a88       0x94 zephyr/libzephyr.a(nrf_cc3xx_platform_mutex_zephyr.c.obj)
 .text.nrf_cc3xx_platform_mutex_init
                0x0000000000003b1c       0x2c zephyr/libzephyr.a(nrf_cc3xx_platform_mutex_zephyr.c.obj)
                0x0000000000003b1c                nrf_cc3xx_platform_mutex_init
 .text.arch_bss_zero
                0x0000000000003b48       0x18 zephyr/arch/common/libarch__common.a(init.c.obj)
                0x0000000000003b48                arch_bss_zero
 .text.arch_data_copy
                0x0000000000003b60       0x38 zephyr/arch/common/libarch__common.a(xip.c.obj)
                0x0000000000003b60                arch_data_copy
 .text.z_arm_fatal_error
                0x0000000000003b98       0xa8 zephyr/arch/arch/arm/core/libarch__arm__core.a(fatal.c.obj)
                0x0000000000003b98                z_arm_fatal_error
 .text.z_SysNmiOnReset
                0x0000000000003c40        0x8 zephyr/arch/arch/arm/core/libarch__arm__core.a(nmi_on_reset.S.obj)
                0x0000000000003c40                z_SysNmiOnReset
 .text._HandlerModeExit
                0x0000000000003c48       0x20 zephyr/arch/arch/arm/core/cortex_m/libarch__arm__core__cortex_m.a(exc_exit.c.obj)
                0x0000000000003c48                z_arm_exc_exit
                0x0000000000003c48                z_arm_int_exit
 .text.usage_fault.constprop.0
                0x0000000000003c68       0xa8 zephyr/arch/arch/arm/core/cortex_m/libarch__arm__core__cortex_m.a(fault.c.obj)
 .text.bus_fault.constprop.0
                0x0000000000003d10       0xb8 zephyr/arch/arch/arm/core/cortex_m/libarch__arm__core__cortex_m.a(fault.c.obj)
 .text.mem_manage_fault.constprop.0
                0x0000000000003dc8       0xbc zephyr/arch/arch/arm/core/cortex_m/libarch__arm__core__cortex_m.a(fault.c.obj)
 .text.z_arm_fault
                0x0000000000003e84      0x190 zephyr/arch/arch/arm/core/cortex_m/libarch__arm__core__cortex_m.a(fault.c.obj)
                0x0000000000003e84                z_arm_fault
 .text.z_arm_fault_init
                0x0000000000004014       0x20 zephyr/arch/arch/arm/core/cortex_m/libarch__arm__core__cortex_m.a(fault.c.obj)
                0x0000000000004014                z_arm_fault_init
 .text.__fault  0x0000000000004034       0x14 zephyr/arch/arch/arm/core/cortex_m/libarch__arm__core__cortex_m.a(fault_s.S.obj)
                0x0000000000004034                z_arm_bus_fault
                0x0000000000004034                z_arm_usage_fault
                0x0000000000004034                z_arm_mpu_fault
                0x0000000000004034                z_arm_exc_spurious
                0x0000000000004034                z_arm_debug_monitor
                0x0000000000004034                z_arm_hard_fault
 .text._reset_section
                0x0000000000004048       0x68 zephyr/arch/arch/arm/core/cortex_m/libarch__arm__core__cortex_m.a(reset.S.obj)
                0x0000000000004048                z_arm_reset
                0x0000000000004048                __start
 .text.z_arm_clear_arm_mpu_config
                0x00000000000040b0       0x24 zephyr/arch/arch/arm/core/cortex_m/libarch__arm__core__cortex_m.a(scb.c.obj)
                0x00000000000040b0                z_arm_clear_arm_mpu_config
 .text.z_arm_init_arch_hw_at_boot
                0x00000000000040d4       0x4c zephyr/arch/arch/arm/core/cortex_m/libarch__arm__core__cortex_m.a(scb.c.obj)
                0x00000000000040d4                z_arm_init_arch_hw_at_boot
 .text.z_impl_k_thread_abort
                0x0000000000004120       0x2c zephyr/arch/arch/arm/core/cortex_m/libarch__arm__core__cortex_m.a(thread_abort.c.obj)
                0x0000000000004120                z_impl_k_thread_abort
 .text.z_arm_pendsv
                0x000000000000414c       0x98 zephyr/arch/arch/arm/core/cortex_m/libarch__arm__core__cortex_m.a(swap_helper.S.obj)
                0x000000000000414c                z_arm_pendsv
 .text.z_arm_svc
                0x00000000000041e4       0x24 zephyr/arch/arch/arm/core/cortex_m/libarch__arm__core__cortex_m.a(swap_helper.S.obj)
                0x00000000000041e4                z_arm_svc
 .text.arm_irq_enable
                0x0000000000004208       0x1c zephyr/arch/arch/arm/core/cortex_m/libarch__arm__core__cortex_m.a(irq_manage.c.obj)
                0x0000000000004208                arm_irq_enable
 .text.arm_irq_disable
                0x0000000000004224       0x28 zephyr/arch/arch/arm/core/cortex_m/libarch__arm__core__cortex_m.a(irq_manage.c.obj)
                0x0000000000004224                arm_irq_disable
 .text.arm_irq_is_enabled
                0x000000000000424c       0x1c zephyr/arch/arch/arm/core/cortex_m/libarch__arm__core__cortex_m.a(irq_manage.c.obj)
                0x000000000000424c                arm_irq_is_enabled
 .text.arm_irq_priority_set
                0x0000000000004268       0x2c zephyr/arch/arch/arm/core/cortex_m/libarch__arm__core__cortex_m.a(irq_manage.c.obj)
                0x0000000000004268                arm_irq_priority_set
 .text.relocate_vector_table
                0x0000000000004294       0x1c zephyr/arch/arch/arm/core/cortex_m/libarch__arm__core__cortex_m.a(prep_c.c.obj)
                0x0000000000004294                relocate_vector_table
 .text.z_prep_c
                0x00000000000042b0       0x4c zephyr/arch/arch/arm/core/cortex_m/libarch__arm__core__cortex_m.a(prep_c.c.obj)
                0x00000000000042b0                z_prep_c
 .text.arch_new_thread
                0x00000000000042fc       0x40 zephyr/arch/arch/arm/core/cortex_m/libarch__arm__core__cortex_m.a(thread.c.obj)
                0x00000000000042fc                arch_new_thread
 .text.arch_float_disable
                0x000000000000433c       0x48 zephyr/arch/arch/arm/core/cortex_m/libarch__arm__core__cortex_m.a(thread.c.obj)
                0x000000000000433c                arch_float_disable
 .text.arch_switch_to_main_thread
                0x0000000000004384       0x50 zephyr/arch/arch/arm/core/cortex_m/libarch__arm__core__cortex_m.a(thread.c.obj)
                0x0000000000004384                arch_switch_to_main_thread
 .text.z_arm_cpu_idle_init
                0x00000000000043d4        0xc zephyr/arch/arch/arm/core/cortex_m/libarch__arm__core__cortex_m.a(cpu_idle.c.obj)
                0x00000000000043d4                z_arm_cpu_idle_init
 .text.z_arm_interrupt_init
                0x00000000000043e0       0x18 zephyr/arch/arch/arm/core/cortex_m/libarch__arm__core__cortex_m.a(irq_init.c.obj)
                0x00000000000043e0                z_arm_interrupt_init
 .text._isr_wrapper
                0x00000000000043f8       0x24 zephyr/arch/arch/arm/core/cortex_m/libarch__arm__core__cortex_m.a(isr_wrapper.c.obj)
                0x00000000000043f8                _isr_wrapper
 .text.z_arm_configure_static_mpu_regions
                0x000000000000441c       0x38 zephyr/arch/arch/arm/core/mpu/libarch__arm__core__mpu.a(arm_core_mpu.c.obj)
                0x000000000000441c                z_arm_configure_static_mpu_regions
 .text.region_init
                0x0000000000004454       0x34 zephyr/arch/arch/arm/core/mpu/libarch__arm__core__mpu.a(arm_mpu.c.obj)
 .text.region_allocate_and_init
                0x0000000000004488       0x24 zephyr/arch/arch/arm/core/mpu/libarch__arm__core__mpu.a(arm_mpu.c.obj)
 .text.mpu_configure_regions_and_partition.constprop.0
                0x00000000000044ac      0x148 zephyr/arch/arch/arm/core/mpu/libarch__arm__core__mpu.a(arm_mpu.c.obj)
 .text.arm_core_mpu_enable
                0x00000000000045f4       0x18 zephyr/arch/arch/arm/core/mpu/libarch__arm__core__mpu.a(arm_mpu.c.obj)
                0x00000000000045f4                arm_core_mpu_enable
 .text.arm_core_mpu_disable
                0x000000000000460c       0x14 zephyr/arch/arch/arm/core/mpu/libarch__arm__core__mpu.a(arm_mpu.c.obj)
                0x000000000000460c                arm_core_mpu_disable
 .text.arm_core_mpu_configure_static_mpu_regions
                0x0000000000004620       0x14 zephyr/arch/arch/arm/core/mpu/libarch__arm__core__mpu.a(arm_mpu.c.obj)
                0x0000000000004620                arm_core_mpu_configure_static_mpu_regions
 .text.arm_core_mpu_mark_areas_for_dynamic_regions
                0x0000000000004634       0xb8 zephyr/arch/arch/arm/core/mpu/libarch__arm__core__mpu.a(arm_mpu.c.obj)
                0x0000000000004634                arm_core_mpu_mark_areas_for_dynamic_regions
 .text.z_arm_mpu_init
                0x00000000000046ec      0x11c zephyr/arch/arch/arm/core/mpu/libarch__arm__core__mpu.a(arm_mpu.c.obj)
                0x00000000000046ec                z_arm_mpu_init
 .text.z_impl_zephyr_write_stdout
                0x0000000000004808       0x30 zephyr/lib/libc/newlib/liblib__libc__newlib.a(libc-hooks.c.obj)
                0x0000000000004808                z_impl_zephyr_write_stdout
 .text._exit    0x0000000000004838       0x10 zephyr/lib/libc/newlib/liblib__libc__newlib.a(libc-hooks.c.obj)
                0x0000000000004838                _exit
 .text.net_buf_destroy
                0x0000000000004848       0x38 zephyr/lib/net_buf/liblib__net_buf.a(buf.c.obj)
 .text.net_buf_pool_get
                0x0000000000004880       0x10 zephyr/lib/net_buf/liblib__net_buf.a(buf.c.obj)
                0x0000000000004880                net_buf_pool_get
 .text.net_buf_id
                0x0000000000004890       0x20 zephyr/lib/net_buf/liblib__net_buf.a(buf.c.obj)
                0x0000000000004890                net_buf_id
 .text.fixed_data_alloc
                0x00000000000048b0       0x24 zephyr/lib/net_buf/liblib__net_buf.a(buf.c.obj)
 .text.net_buf_alloc_len
                0x00000000000048d4       0xfc zephyr/lib/net_buf/liblib__net_buf.a(buf.c.obj)
                0x00000000000048d4                net_buf_alloc_len
 .text.net_buf_unref
                0x00000000000049d0       0x3c zephyr/lib/net_buf/liblib__net_buf.a(buf.c.obj)
                0x00000000000049d0                net_buf_unref
 .text.nrf_gpio_pin_control_select.constprop.0
                0x0000000000004a0c       0x1c zephyr/soc/soc/nrf5340/libsoc__nordic.a(soc.c.obj)
 .text.z_arm_on_enter_cpu_idle
                0x0000000000004a28       0x64 zephyr/soc/soc/nrf5340/libsoc__nordic.a(soc.c.obj)
                0x0000000000004a28                z_arm_on_enter_cpu_idle
 .text.soc_early_init_hook
                0x0000000000004a8c       0x54 zephyr/soc/soc/nrf5340/libsoc__nordic.a(soc.c.obj)
                0x0000000000004a8c                soc_early_init_hook
 .text.soc_late_init_hook
                0x0000000000004ae0       0x40 zephyr/soc/soc/nrf5340/libsoc__nordic.a(soc.c.obj)
                0x0000000000004ae0                soc_late_init_hook
 .text.arch_busy_wait
                0x0000000000004b20       0x24 zephyr/soc/soc/nrf5340/libsoc__nordic.a(soc.c.obj)
                0x0000000000004b20                arch_busy_wait
 .text.assign_pins
                0x0000000000004b44       0x54 zephyr/soc/soc/nrf5340/libsoc__nordic.a(nrf53_cpunet_mgmt.c.obj)
 .text.onoff_start
                0x0000000000004b98       0x70 zephyr/soc/soc/nrf5340/libsoc__nordic.a(nrf53_cpunet_mgmt.c.obj)
 .text.nrf53_cpunet_mgmt_init
                0x0000000000004c08       0x10 zephyr/soc/soc/nrf5340/libsoc__nordic.a(nrf53_cpunet_mgmt.c.obj)
                0x0000000000004c08                nrf53_cpunet_mgmt_init
 .text.nrf53_cpunet_enable
                0x0000000000004c18       0x34 zephyr/soc/soc/nrf5340/libsoc__nordic.a(nrf53_cpunet_mgmt.c.obj)
                0x0000000000004c18                nrf53_cpunet_enable
 .text.gppi_init
                0x0000000000004c4c       0x1c zephyr/soc/soc/nrf5340/libsoc__nordic.a(gppi_init.c.obj)
 .text.xoshiro128_initialize
                0x0000000000004c68       0x18 zephyr/subsys/random/libsubsys__random.a(random_xoshiro128.c.obj)
 .text.set_setting
                0x0000000000004c80       0x70 zephyr/subsys/bluetooth/host/libsubsys__bluetooth__host.a(settings.c.obj)
 .text.bt_settings_encode_key
                0x0000000000004cf0       0x60 zephyr/subsys/bluetooth/host/libsubsys__bluetooth__host.a(settings.c.obj)
                0x0000000000004cf0                bt_settings_encode_key
 .text.bt_settings_store
                0x0000000000004d50       0x50 zephyr/subsys/bluetooth/host/libsubsys__bluetooth__host.a(settings.c.obj)
                0x0000000000004d50                bt_settings_store
 .text.do_store_id
                0x0000000000004da0       0x24 zephyr/subsys/bluetooth/host/libsubsys__bluetooth__host.a(settings.c.obj)
 .text.bt_settings_delete
                0x0000000000004dc4       0x4c zephyr/subsys/bluetooth/host/libsubsys__bluetooth__host.a(settings.c.obj)
                0x0000000000004dc4                bt_settings_delete
 .text.bt_settings_store_sc
                0x0000000000004e10       0x1c zephyr/subsys/bluetooth/host/libsubsys__bluetooth__host.a(settings.c.obj)
                0x0000000000004e10                bt_settings_store_sc
 .text.bt_settings_delete_sc
                0x0000000000004e2c       0x10 zephyr/subsys/bluetooth/host/libsubsys__bluetooth__host.a(settings.c.obj)
                0x0000000000004e2c                bt_settings_delete_sc
 .text.bt_settings_store_cf
                0x0000000000004e3c       0x1c zephyr/subsys/bluetooth/host/libsubsys__bluetooth__host.a(settings.c.obj)
                0x0000000000004e3c                bt_settings_store_cf
 .text.bt_settings_store_ccc
                0x0000000000004e58       0x1c zephyr/subsys/bluetooth/host/libsubsys__bluetooth__host.a(settings.c.obj)
                0x0000000000004e58                bt_settings_store_ccc
 .text.bt_settings_store_hash
                0x0000000000004e74       0x1c zephyr/subsys/bluetooth/host/libsubsys__bluetooth__host.a(settings.c.obj)
                0x0000000000004e74                bt_settings_store_hash
 .text.bt_settings_store_id
                0x0000000000004e90       0x10 zephyr/subsys/bluetooth/host/libsubsys__bluetooth__host.a(settings.c.obj)
                0x0000000000004e90                bt_settings_store_id
 .text.commit_settings
                0x0000000000004ea0       0x5c zephyr/subsys/bluetooth/host/libsubsys__bluetooth__host.a(settings.c.obj)
 .text.long_wq_init
                0x0000000000004efc       0x3c zephyr/subsys/bluetooth/host/libsubsys__bluetooth__host.a(long_wq.c.obj)
 .text.bt_long_wq_schedule
                0x0000000000004f38        0xc zephyr/subsys/bluetooth/host/libsubsys__bluetooth__host.a(long_wq.c.obj)
                0x0000000000004f38                bt_long_wq_schedule
 .text.uuid_to_uuid128
                0x0000000000004f44       0x78 zephyr/subsys/bluetooth/host/libsubsys__bluetooth__host.a(uuid.c.obj)
 .text.buf_rx_freed_notify
                0x0000000000004fbc       0x38 zephyr/subsys/bluetooth/host/libsubsys__bluetooth__host.a(buf.c.obj)
 .text.bt_buf_get_rx
                0x0000000000004ff4       0x50 zephyr/subsys/bluetooth/host/libsubsys__bluetooth__host.a(buf.c.obj)
                0x0000000000004ff4                bt_buf_get_rx
 .text.bt_buf_get_evt
                0x0000000000005044       0x3c zephyr/subsys/bluetooth/host/libsubsys__bluetooth__host.a(buf.c.obj)
                0x0000000000005044                bt_buf_get_evt
 .text.hci_disconn_complete_prio
                0x0000000000005080       0x4c zephyr/subsys/bluetooth/host/libsubsys__bluetooth__host.a(hci_core.c.obj)
 .text.find_pending_connect.part.0
                0x00000000000050cc       0x2c zephyr/subsys/bluetooth/host/libsubsys__bluetooth__host.a(hci_core.c.obj)
 .text.hci_vendor_event
                0x00000000000050f8       0x20 zephyr/subsys/bluetooth/host/libsubsys__bluetooth__host.a(hci_core.c.obj)
 .text.hci_le_meta_event
                0x0000000000005118       0x20 zephyr/subsys/bluetooth/host/libsubsys__bluetooth__host.a(hci_core.c.obj)
 .text.hci_le_meta_prio_event
                0x0000000000005138       0x20 zephyr/subsys/bluetooth/host/libsubsys__bluetooth__host.a(hci_core.c.obj)
 .text.hci_cmd_done
                0x0000000000005158       0xf0 zephyr/subsys/bluetooth/host/libsubsys__bluetooth__host.a(hci_core.c.obj)
 .text.bt_hci_recv
                0x0000000000005248      0x118 zephyr/subsys/bluetooth/host/libsubsys__bluetooth__host.a(hci_core.c.obj)
                0x0000000000005248                bt_hci_recv
 .text.rx_work_handler
                0x0000000000005360       0xe8 zephyr/subsys/bluetooth/host/libsubsys__bluetooth__host.a(hci_core.c.obj)
 .text.hci_reset_complete
                0x0000000000005448       0x1c zephyr/subsys/bluetooth/host/libsubsys__bluetooth__host.a(hci_core.c.obj)
 .text.bt_hci_cmd_state_set_init
                0x0000000000005464       0x24 zephyr/subsys/bluetooth/host/libsubsys__bluetooth__host.a(hci_core.c.obj)
                0x0000000000005464                bt_hci_cmd_state_set_init
 .text.bt_hci_cmd_alloc
                0x0000000000005488       0x50 zephyr/subsys/bluetooth/host/libsubsys__bluetooth__host.a(hci_core.c.obj)
                0x0000000000005488                bt_hci_cmd_alloc
 .text.bt_get_phy
                0x00000000000054d8       0x14 zephyr/subsys/bluetooth/host/libsubsys__bluetooth__host.a(hci_core.c.obj)
                0x00000000000054d8                bt_get_phy
 .text.bt_send  0x00000000000054ec       0x14 zephyr/subsys/bluetooth/host/libsubsys__bluetooth__host.a(hci_core.c.obj)
                0x00000000000054ec                bt_send
 .text.bt_finalize_init
                0x0000000000005500        0xc zephyr/subsys/bluetooth/host/libsubsys__bluetooth__host.a(hci_core.c.obj)
                0x0000000000005500                bt_finalize_init
 .text.bt_get_name
                0x000000000000550c        0x8 zephyr/subsys/bluetooth/host/libsubsys__bluetooth__host.a(hci_core.c.obj)
                0x000000000000550c                bt_get_name
 .text.bt_tx_irq_raise
                0x0000000000005514        0xc zephyr/subsys/bluetooth/host/libsubsys__bluetooth__host.a(hci_core.c.obj)
                0x0000000000005514                bt_tx_irq_raise
 .text.bt_hci_cmd_send
                0x0000000000005520       0x88 zephyr/subsys/bluetooth/host/libsubsys__bluetooth__host.a(hci_core.c.obj)
                0x0000000000005520                bt_hci_cmd_send
 .text.bt_hci_host_num_completed_packets
                0x00000000000055a8       0x9c zephyr/subsys/bluetooth/host/libsubsys__bluetooth__host.a(hci_core.c.obj)
                0x00000000000055a8                bt_hci_host_num_completed_packets
 .text.process_pending_cmd
                0x0000000000005644       0xb0 zephyr/subsys/bluetooth/host/libsubsys__bluetooth__host.a(hci_core.c.obj)
 .text.bt_hci_cmd_send_sync
                0x00000000000056f4      0x16c zephyr/subsys/bluetooth/host/libsubsys__bluetooth__host.a(hci_core.c.obj)
                0x00000000000056f4                bt_hci_cmd_send_sync
 .text.bt_init  0x0000000000005860      0x3b0 zephyr/subsys/bluetooth/host/libsubsys__bluetooth__host.a(hci_core.c.obj)
 .text.init_work
                0x0000000000005c10       0x18 zephyr/subsys/bluetooth/host/libsubsys__bluetooth__host.a(hci_core.c.obj)
 .text.bt_enable
                0x0000000000005c28       0xb8 zephyr/subsys/bluetooth/host/libsubsys__bluetooth__host.a(hci_core.c.obj)
                0x0000000000005c28                bt_enable
 .text.bt_hci_le_rand
                0x0000000000005ce0       0x58 zephyr/subsys/bluetooth/host/libsubsys__bluetooth__host.a(hci_core.c.obj)
                0x0000000000005ce0                bt_hci_le_rand
 .text.bt_hci_le_enh_conn_complete
                0x0000000000005d38      0x168 zephyr/subsys/bluetooth/host/libsubsys__bluetooth__host.a(hci_core.c.obj)
                0x0000000000005d38                bt_hci_le_enh_conn_complete
 .text.le_legacy_conn_complete
                0x0000000000005ea0       0x80 zephyr/subsys/bluetooth/host/libsubsys__bluetooth__host.a(hci_core.c.obj)
 .text.hci_cmd_complete
                0x0000000000005f20       0x3c zephyr/subsys/bluetooth/host/libsubsys__bluetooth__host.a(hci_core.c.obj)
 .text.hci_cmd_status
                0x0000000000005f5c       0x30 zephyr/subsys/bluetooth/host/libsubsys__bluetooth__host.a(hci_core.c.obj)
 .text.id_find  0x0000000000005f8c       0x30 zephyr/subsys/bluetooth/host/libsubsys__bluetooth__host.a(id.c.obj)
 .text.set_random_address
                0x0000000000005fbc       0x58 zephyr/subsys/bluetooth/host/libsubsys__bluetooth__host.a(id.c.obj)
 .text.id_create.constprop.0
                0x0000000000006014       0x88 zephyr/subsys/bluetooth/host/libsubsys__bluetooth__host.a(id.c.obj)
 .text.bt_id_create
                0x000000000000609c       0x84 zephyr/subsys/bluetooth/host/libsubsys__bluetooth__host.a(id.c.obj)
                0x000000000000609c                bt_id_create
 .text.bt_id_read_public_addr
                0x0000000000006120       0x6c zephyr/subsys/bluetooth/host/libsubsys__bluetooth__host.a(id.c.obj)
                0x0000000000006120                bt_id_read_public_addr
 .text.bt_setup_public_id_addr
                0x000000000000618c       0x20 zephyr/subsys/bluetooth/host/libsubsys__bluetooth__host.a(id.c.obj)
                0x000000000000618c                bt_setup_public_id_addr
 .text.bt_setup_random_id_addr
                0x00000000000061ac       0xac zephyr/subsys/bluetooth/host/libsubsys__bluetooth__host.a(id.c.obj)
                0x00000000000061ac                bt_setup_random_id_addr
 .text.bt_id_set_adv_own_addr
                0x0000000000006258       0xd0 zephyr/subsys/bluetooth/host/libsubsys__bluetooth__host.a(id.c.obj)
                0x0000000000006258                bt_id_set_adv_own_addr
 .text.valid_adv_param
                0x0000000000006328       0x84 zephyr/subsys/bluetooth/host/libsubsys__bluetooth__host.a(adv.c.obj)
 .text.le_adv_update.constprop.0
                0x00000000000063ac       0x50 zephyr/subsys/bluetooth/host/libsubsys__bluetooth__host.a(adv.c.obj)
 .text.le_adv_start_add_conn.constprop.0
                0x00000000000063fc       0x6c zephyr/subsys/bluetooth/host/libsubsys__bluetooth__host.a(adv.c.obj)
 .text.bt_le_adv_lookup_legacy
                0x0000000000006468        0x8 zephyr/subsys/bluetooth/host/libsubsys__bluetooth__host.a(adv.c.obj)
                0x0000000000006468                bt_le_adv_lookup_legacy
 .text.bt_le_adv_start
                0x0000000000006470      0x244 zephyr/subsys/bluetooth/host/libsubsys__bluetooth__host.a(adv.c.obj)
                0x0000000000006470                bt_le_adv_start
 .text.bt_le_adv_stop
                0x00000000000066b4       0x7c zephyr/subsys/bluetooth/host/libsubsys__bluetooth__host.a(adv.c.obj)
                0x00000000000066b4                bt_le_adv_stop
 .text.notify_connected
                0x0000000000006730       0x40 zephyr/subsys/bluetooth/host/libsubsys__bluetooth__host.a(conn.c.obj)
 .text.frag_destroy
                0x0000000000006770       0x20 zephyr/subsys/bluetooth/host/libsubsys__bluetooth__host.a(conn.c.obj)
 .text.conn_tx_destroy
                0x0000000000006790       0x2c zephyr/subsys/bluetooth/host/libsubsys__bluetooth__host.a(conn.c.obj)
 .text.perform_auto_initiated_procedures
                0x00000000000067bc       0x44 zephyr/subsys/bluetooth/host/libsubsys__bluetooth__host.a(conn.c.obj)
 .text.recycled_work_handler
                0x0000000000006800       0x54 zephyr/subsys/bluetooth/host/libsubsys__bluetooth__host.a(conn.c.obj)
 .text.tx_notify_process
                0x0000000000006854       0x60 zephyr/subsys/bluetooth/host/libsubsys__bluetooth__host.a(conn.c.obj)
 .text.bt_conn_get_pkts
                0x00000000000068b4       0x18 zephyr/subsys/bluetooth/host/libsubsys__bluetooth__host.a(conn.c.obj)
                0x00000000000068b4                bt_conn_get_pkts
 .text.bt_conn_tx_notify
                0x00000000000068cc       0x40 zephyr/subsys/bluetooth/host/libsubsys__bluetooth__host.a(conn.c.obj)
                0x00000000000068cc                bt_conn_tx_notify
 .text.bt_conn_new
                0x000000000000690c       0x5c zephyr/subsys/bluetooth/host/libsubsys__bluetooth__host.a(conn.c.obj)
                0x000000000000690c                bt_conn_new
 .text.bt_conn_unref
                0x0000000000006968       0x30 zephyr/subsys/bluetooth/host/libsubsys__bluetooth__host.a(conn.c.obj)
                0x0000000000006968                bt_conn_unref
 .text.bt_conn_data_ready
                0x0000000000006998       0x54 zephyr/subsys/bluetooth/host/libsubsys__bluetooth__host.a(conn.c.obj)
                0x0000000000006998                bt_conn_data_ready
 .text.bt_conn_set_state
                0x00000000000069ec       0xe8 zephyr/subsys/bluetooth/host/libsubsys__bluetooth__host.a(conn.c.obj)
                0x00000000000069ec                bt_conn_set_state
 .text.bt_conn_foreach
                0x0000000000006ad4       0x30 zephyr/subsys/bluetooth/host/libsubsys__bluetooth__host.a(conn.c.obj)
                0x0000000000006ad4                bt_conn_foreach
 .text.auto_initiated_procedures
                0x0000000000006b04       0x10 zephyr/subsys/bluetooth/host/libsubsys__bluetooth__host.a(conn.c.obj)
 .text.bt_conn_lookup_handle
                0x0000000000006b14       0x38 zephyr/subsys/bluetooth/host/libsubsys__bluetooth__host.a(conn.c.obj)
                0x0000000000006b14                bt_conn_lookup_handle
 .text.bt_conn_index
                0x0000000000006b4c       0x18 zephyr/subsys/bluetooth/host/libsubsys__bluetooth__host.a(conn.c.obj)
                0x0000000000006b4c                bt_conn_index
 .text.bt_conn_create_pdu_timeout
                0x0000000000006b64       0x54 zephyr/subsys/bluetooth/host/libsubsys__bluetooth__host.a(conn.c.obj)
                0x0000000000006b64                bt_conn_create_pdu_timeout
 .text.bt_conn_connected
                0x0000000000006bb8       0x20 zephyr/subsys/bluetooth/host/libsubsys__bluetooth__host.a(conn.c.obj)
                0x0000000000006bb8                bt_conn_connected
 .text.bt_conn_tx_processor
                0x0000000000006bd8      0x2bc zephyr/subsys/bluetooth/host/libsubsys__bluetooth__host.a(conn.c.obj)
                0x0000000000006bd8                bt_conn_tx_processor
 .text.bt_conn_notify_le_param_updated
                0x0000000000006e94       0x98 zephyr/subsys/bluetooth/host/libsubsys__bluetooth__host.a(conn.c.obj)
                0x0000000000006e94                bt_conn_notify_le_param_updated
 .text.bt_conn_notify_le_data_len_updated
                0x0000000000006f2c       0x4c zephyr/subsys/bluetooth/host/libsubsys__bluetooth__host.a(conn.c.obj)
                0x0000000000006f2c                bt_conn_notify_le_data_len_updated
 .text.bt_conn_notify_le_phy_updated
                0x0000000000006f78       0x4c zephyr/subsys/bluetooth/host/libsubsys__bluetooth__host.a(conn.c.obj)
                0x0000000000006f78                bt_conn_notify_le_phy_updated
 .text.bt_conn_le_param_req
                0x0000000000006fc4       0x78 zephyr/subsys/bluetooth/host/libsubsys__bluetooth__host.a(conn.c.obj)
                0x0000000000006fc4                bt_conn_le_param_req
 .text.bt_conn_add_le
                0x000000000000703c       0x54 zephyr/subsys/bluetooth/host/libsubsys__bluetooth__host.a(conn.c.obj)
                0x000000000000703c                bt_conn_add_le
 .text.bt_conn_lookup_addr_le
                0x0000000000007090       0x34 zephyr/subsys/bluetooth/host/libsubsys__bluetooth__host.a(conn.c.obj)
                0x0000000000007090                bt_conn_lookup_addr_le
 .text.bt_conn_lookup_state_le
                0x00000000000070c4       0x44 zephyr/subsys/bluetooth/host/libsubsys__bluetooth__host.a(conn.c.obj)
                0x00000000000070c4                bt_conn_lookup_state_le
 .text.send_conn_le_param_update
                0x0000000000007108       0x68 zephyr/subsys/bluetooth/host/libsubsys__bluetooth__host.a(conn.c.obj)
 .text.deferred_work
                0x0000000000007170       0xe0 zephyr/subsys/bluetooth/host/libsubsys__bluetooth__host.a(conn.c.obj)
 .text.bt_conn_lookup_index
                0x0000000000007250       0x10 zephyr/subsys/bluetooth/host/libsubsys__bluetooth__host.a(conn.c.obj)
                0x0000000000007250                bt_conn_lookup_index
 .text.bt_conn_init
                0x0000000000007260       0x44 zephyr/subsys/bluetooth/host/libsubsys__bluetooth__host.a(conn.c.obj)
                0x0000000000007260                bt_conn_init
 .text.l2cap_accept
                0x00000000000072a4       0x1c zephyr/subsys/bluetooth/host/libsubsys__bluetooth__host.a(l2cap.c.obj)
 .text.bt_l2cap_create_pdu_timeout
                0x00000000000072c0       0x3c zephyr/subsys/bluetooth/host/libsubsys__bluetooth__host.a(l2cap.c.obj)
                0x00000000000072c0                bt_l2cap_create_pdu_timeout
 .text.l2cap_data_pull
                0x00000000000072fc       0xdc zephyr/subsys/bluetooth/host/libsubsys__bluetooth__host.a(l2cap.c.obj)
                0x00000000000072fc                l2cap_data_pull
 .text.bt_l2cap_connected
                0x00000000000073d8       0x9c zephyr/subsys/bluetooth/host/libsubsys__bluetooth__host.a(l2cap.c.obj)
                0x00000000000073d8                bt_l2cap_connected
 .text.bt_l2cap_update_conn_param
                0x0000000000007474       0x50 zephyr/subsys/bluetooth/host/libsubsys__bluetooth__host.a(l2cap.c.obj)
                0x0000000000007474                bt_l2cap_update_conn_param
 .text.att_op_get_type
                0x00000000000074c4       0x74 zephyr/subsys/bluetooth/host/libsubsys__bluetooth__host.a(att.c.obj)
 .text.bt_att_chan_create_pdu
                0x0000000000007538       0x8c zephyr/subsys/bluetooth/host/libsubsys__bluetooth__host.a(att.c.obj)
 .text.bt_att_released
                0x00000000000075c4        0xc zephyr/subsys/bluetooth/host/libsubsys__bluetooth__host.a(att.c.obj)
 .text.att_create_rsp_pdu
                0x00000000000075d0       0x48 zephyr/subsys/bluetooth/host/libsubsys__bluetooth__host.a(att.c.obj)
 .text.bt_att_connected
                0x0000000000007618       0x38 zephyr/subsys/bluetooth/host/libsubsys__bluetooth__host.a(att.c.obj)
 .text.bt_addr_le_to_str.constprop.0.isra.0
                0x0000000000007650       0x78 zephyr/subsys/bluetooth/host/libsubsys__bluetooth__host.a(att.c.obj)
 .text.read_group_cb
                0x00000000000076c8       0xb8 zephyr/subsys/bluetooth/host/libsubsys__bluetooth__host.a(att.c.obj)
 .text.read_type_cb
                0x0000000000007780       0xc0 zephyr/subsys/bluetooth/host/libsubsys__bluetooth__host.a(att.c.obj)
 .text.prep_write_cb
                0x0000000000007840       0x88 zephyr/subsys/bluetooth/host/libsubsys__bluetooth__host.a(att.c.obj)
 .text.bt_att_accept
                0x00000000000078c8       0xc0 zephyr/subsys/bluetooth/host/libsubsys__bluetooth__host.a(att.c.obj)
 .text.chan_send
                0x0000000000007988       0xac zephyr/subsys/bluetooth/host/libsubsys__bluetooth__host.a(att.c.obj)
 .text.att_tx_destroy
                0x0000000000007a34       0xd4 zephyr/subsys/bluetooth/host/libsubsys__bluetooth__host.a(att.c.obj)
 .text.bt_att_recv
                0x0000000000007b08       0x8c zephyr/subsys/bluetooth/host/libsubsys__bluetooth__host.a(att.c.obj)
 .text.att_write_rsp
                0x0000000000007b94       0xc0 zephyr/subsys/bluetooth/host/libsubsys__bluetooth__host.a(att.c.obj)
 .text.att_exec_write_req
                0x0000000000007c54      0x138 zephyr/subsys/bluetooth/host/libsubsys__bluetooth__host.a(att.c.obj)
 .text.att_read_group_req
                0x0000000000007d8c       0xf0 zephyr/subsys/bluetooth/host/libsubsys__bluetooth__host.a(att.c.obj)
 .text.att_read_mult_vl_req
                0x0000000000007e7c       0x9c zephyr/subsys/bluetooth/host/libsubsys__bluetooth__host.a(att.c.obj)
 .text.att_read_mult_req
                0x0000000000007f18       0x9c zephyr/subsys/bluetooth/host/libsubsys__bluetooth__host.a(att.c.obj)
 .text.att_read_rsp
                0x0000000000007fb4       0x90 zephyr/subsys/bluetooth/host/libsubsys__bluetooth__host.a(att.c.obj)
 .text.att_read_type_req
                0x0000000000008044      0x114 zephyr/subsys/bluetooth/host/libsubsys__bluetooth__host.a(att.c.obj)
 .text.att_find_type_req
                0x0000000000008158       0xc0 zephyr/subsys/bluetooth/host/libsubsys__bluetooth__host.a(att.c.obj)
 .text.att_find_info_req
                0x0000000000008218       0x6c zephyr/subsys/bluetooth/host/libsubsys__bluetooth__host.a(att.c.obj)
 .text.att_prepare_write_req
                0x0000000000008284       0xdc zephyr/subsys/bluetooth/host/libsubsys__bluetooth__host.a(att.c.obj)
 .text.bt_att_req_alloc
                0x0000000000008360       0x58 zephyr/subsys/bluetooth/host/libsubsys__bluetooth__host.a(att.c.obj)
                0x0000000000008360                bt_att_req_alloc
 .text.bt_att_req_free
                0x00000000000083b8       0x20 zephyr/subsys/bluetooth/host/libsubsys__bluetooth__host.a(att.c.obj)
                0x00000000000083b8                bt_att_req_free
 .text.att_handle_rsp
                0x00000000000083d8       0x74 zephyr/subsys/bluetooth/host/libsubsys__bluetooth__host.a(att.c.obj)
 .text.bt_att_disconnected
                0x000000000000844c       0xd4 zephyr/subsys/bluetooth/host/libsubsys__bluetooth__host.a(att.c.obj)
 .text.bt_att_set_tx_meta_data
                0x0000000000008520       0x24 zephyr/subsys/bluetooth/host/libsubsys__bluetooth__host.a(att.c.obj)
                0x0000000000008520                bt_att_set_tx_meta_data
 .text.bt_att_increment_tx_meta_data_attr_count
                0x0000000000008544       0x1c zephyr/subsys/bluetooth/host/libsubsys__bluetooth__host.a(att.c.obj)
                0x0000000000008544                bt_att_increment_tx_meta_data_attr_count
 .text.bt_att_tx_meta_data_match
                0x0000000000008560       0x34 zephyr/subsys/bluetooth/host/libsubsys__bluetooth__host.a(att.c.obj)
                0x0000000000008560                bt_att_tx_meta_data_match
 .text.db_hash_set
                0x0000000000008594       0x18 zephyr/subsys/bluetooth/host/libsubsys__bluetooth__host.a(gatt.c.obj)
 .text.find_cf_cfg_by_addr
                0x00000000000085ac       0x28 zephyr/subsys/bluetooth/host/libsubsys__bluetooth__host.a(gatt.c.obj)
 .text.find_sc_cfg
                0x00000000000085d4       0x24 zephyr/subsys/bluetooth/host/libsubsys__bluetooth__host.a(gatt.c.obj)
 .text.ccc_save
                0x00000000000085f8       0x40 zephyr/subsys/bluetooth/host/libsubsys__bluetooth__host.a(gatt.c.obj)
 .text.ccc_load
                0x0000000000008638       0x8c zephyr/subsys/bluetooth/host/libsubsys__bluetooth__host.a(gatt.c.obj)
 .text.find_cf_cfg
                0x00000000000086c4       0x30 zephyr/subsys/bluetooth/host/libsubsys__bluetooth__host.a(gatt.c.obj)
 .text.find_ccc_cfg
                0x00000000000086f4       0x28 zephyr/subsys/bluetooth/host/libsubsys__bluetooth__host.a(gatt.c.obj)
 .text.gatt_delayed_store_enqueue
                0x000000000000871c       0x70 zephyr/subsys/bluetooth/host/libsubsys__bluetooth__host.a(gatt.c.obj)
 .text.sc_save  0x000000000000878c       0x6c zephyr/subsys/bluetooth/host/libsubsys__bluetooth__host.a(gatt.c.obj)
 .text.sc_set   0x00000000000087f8       0x8c zephyr/subsys/bluetooth/host/libsubsys__bluetooth__host.a(gatt.c.obj)
 .text.bt_gatt_service_init
                0x0000000000008884       0x3c zephyr/subsys/bluetooth/host/libsubsys__bluetooth__host.a(gatt.c.obj)
 .text.read_ppcp
                0x00000000000088c0       0x28 zephyr/subsys/bluetooth/host/libsubsys__bluetooth__host.a(gatt.c.obj)
 .text.notify_mult_process
                0x00000000000088e8       0x2c zephyr/subsys/bluetooth/host/libsubsys__bluetooth__host.a(gatt.c.obj)
 .text.remove_peer_from_attr
                0x0000000000008914       0x28 zephyr/subsys/bluetooth/host/libsubsys__bluetooth__host.a(gatt.c.obj)
 .text.sc_indicate.part.0
                0x000000000000893c       0x10 zephyr/subsys/bluetooth/host/libsubsys__bluetooth__host.a(gatt.c.obj)
 .text.sc_commit
                0x000000000000894c       0x2c zephyr/subsys/bluetooth/host/libsubsys__bluetooth__host.a(gatt.c.obj)
 .text.clear_cf_cfg
                0x0000000000008978       0x28 zephyr/subsys/bluetooth/host/libsubsys__bluetooth__host.a(gatt.c.obj)
 .text.disconnected_cb
                0x00000000000089a0       0xa0 zephyr/subsys/bluetooth/host/libsubsys__bluetooth__host.a(gatt.c.obj)
 .text.bt_gatt_attr_write_ccc
                0x0000000000008a40       0xbc zephyr/subsys/bluetooth/host/libsubsys__bluetooth__host.a(gatt.c.obj)
                0x0000000000008a40                bt_gatt_attr_write_ccc
 .text.sc_indicate
                0x0000000000008afc       0x4c zephyr/subsys/bluetooth/host/libsubsys__bluetooth__host.a(gatt.c.obj)
 .text.set_all_change_unaware
                0x0000000000008b48       0x30 zephyr/subsys/bluetooth/host/libsubsys__bluetooth__host.a(gatt.c.obj)
 .text.sc_indicate_rsp
                0x0000000000008b78       0x4c zephyr/subsys/bluetooth/host/libsubsys__bluetooth__host.a(gatt.c.obj)
 .text.bt_gatt_init
                0x0000000000008bc4       0x64 zephyr/subsys/bluetooth/host/libsubsys__bluetooth__host.a(gatt.c.obj)
                0x0000000000008bc4                bt_gatt_init
 .text.bt_gatt_attr_get_handle
                0x0000000000008c28       0x60 zephyr/subsys/bluetooth/host/libsubsys__bluetooth__host.a(gatt.c.obj)
                0x0000000000008c28                bt_gatt_attr_get_handle
 .text.bt_gatt_foreach_attr_type
                0x0000000000008c88       0xf4 zephyr/subsys/bluetooth/host/libsubsys__bluetooth__host.a(gatt.c.obj)
                0x0000000000008c88                bt_gatt_foreach_attr_type
 .text.db_hash_gen
                0x0000000000008d7c       0xb0 zephyr/subsys/bluetooth/host/libsubsys__bluetooth__host.a(gatt.c.obj)
 .text.db_hash_read
                0x0000000000008e2c       0x78 zephyr/subsys/bluetooth/host/libsubsys__bluetooth__host.a(gatt.c.obj)
 .text.do_db_hash
                0x0000000000008ea4       0x80 zephyr/subsys/bluetooth/host/libsubsys__bluetooth__host.a(gatt.c.obj)
 .text.db_hash_commit
                0x0000000000008f24       0x18 zephyr/subsys/bluetooth/host/libsubsys__bluetooth__host.a(gatt.c.obj)
 .text.ccc_set_direct
                0x0000000000008f3c       0x98 zephyr/subsys/bluetooth/host/libsubsys__bluetooth__host.a(gatt.c.obj)
 .text.gatt_store_ccc.isra.0
                0x0000000000008fd4       0x3c zephyr/subsys/bluetooth/host/libsubsys__bluetooth__host.a(gatt.c.obj)
 .text.gatt_store_ccc_cf
                0x0000000000009010       0x88 zephyr/subsys/bluetooth/host/libsubsys__bluetooth__host.a(gatt.c.obj)
 .text.bt_gatt_attr_next
                0x0000000000009098       0x24 zephyr/subsys/bluetooth/host/libsubsys__bluetooth__host.a(gatt.c.obj)
                0x0000000000009098                bt_gatt_attr_next
 .text.gatt_indicate
                0x00000000000090bc       0xa0 zephyr/subsys/bluetooth/host/libsubsys__bluetooth__host.a(gatt.c.obj)
 .text.bt_gatt_indicate
                0x000000000000915c       0xf0 zephyr/subsys/bluetooth/host/libsubsys__bluetooth__host.a(gatt.c.obj)
                0x000000000000915c                bt_gatt_indicate
 .text.sc_process
                0x000000000000924c       0x5c zephyr/subsys/bluetooth/host/libsubsys__bluetooth__host.a(gatt.c.obj)
 .text.update_ccc
                0x00000000000092a8       0xb8 zephyr/subsys/bluetooth/host/libsubsys__bluetooth__host.a(gatt.c.obj)
 .text.gatt_notify
                0x0000000000009360      0x130 zephyr/subsys/bluetooth/host/libsubsys__bluetooth__host.a(gatt.c.obj)
 .text.bt_gatt_notify_cb
                0x0000000000009490       0xe8 zephyr/subsys/bluetooth/host/libsubsys__bluetooth__host.a(gatt.c.obj)
                0x0000000000009490                bt_gatt_notify_cb
 .text.notify_cb
                0x0000000000009578       0xfc zephyr/subsys/bluetooth/host/libsubsys__bluetooth__host.a(gatt.c.obj)
 .text.bt_gatt_connected
                0x0000000000009674       0x64 zephyr/subsys/bluetooth/host/libsubsys__bluetooth__host.a(gatt.c.obj)
                0x0000000000009674                bt_gatt_connected
 .text.bt_gatt_att_max_mtu_changed
                0x00000000000096d8       0x40 zephyr/subsys/bluetooth/host/libsubsys__bluetooth__host.a(gatt.c.obj)
                0x00000000000096d8                bt_gatt_att_max_mtu_changed
 .text.bt_gatt_disconnected
                0x0000000000009718       0x98 zephyr/subsys/bluetooth/host/libsubsys__bluetooth__host.a(gatt.c.obj)
                0x0000000000009718                bt_gatt_disconnected
 .text.bt_smp_accept
                0x00000000000097b0       0x1c zephyr/subsys/bluetooth/host/libsubsys__bluetooth__host.a(smp_null.c.obj)
 .text.crc8_ccitt
                0x00000000000097cc       0x2c zephyr/subsys/crc/libsubsys__crc.a(crc8_sw.c.obj)
                0x00000000000097cc                crc8_ccitt
 .text.hci_ept_recv
                0x00000000000097f8      0x150 zephyr/drivers/bluetooth/libdrivers__bluetooth.a(ipc.c.obj)
 .text.bt_hci_transport_setup
                0x0000000000009948       0x18 zephyr/drivers/bluetooth/libdrivers__bluetooth.a(nrf53_support.c.obj)
                0x0000000000009948                bt_hci_transport_setup
 .text.onoff_stop
                0x0000000000009960       0x30 zephyr/drivers/clock_control/libdrivers__clock_control.a(clock_control_nrf.c.obj)
 .text.onoff_start
                0x0000000000009990       0x44 zephyr/drivers/clock_control/libdrivers__clock_control.a(clock_control_nrf.c.obj)
 .text.clk_init
                0x00000000000099d4       0x64 zephyr/drivers/clock_control/libdrivers__clock_control.a(clock_control_nrf.c.obj)
 .text.api_blocking_start
                0x0000000000009a38       0x3c zephyr/drivers/clock_control/libdrivers__clock_control.a(clock_control_nrf.c.obj)
 .text.generic_hfclk_stop
                0x0000000000009a74       0x34 zephyr/drivers/clock_control/libdrivers__clock_control.a(clock_control_nrf.c.obj)
 .text.clkstarted_handle.constprop.0
                0x0000000000009aa8       0x4c zephyr/drivers/clock_control/libdrivers__clock_control.a(clock_control_nrf.c.obj)
 .text.generic_hfclk_start
                0x0000000000009af4       0x7c zephyr/drivers/clock_control/libdrivers__clock_control.a(clock_control_nrf.c.obj)
 .text.clock_event_handler
                0x0000000000009b70       0x34 zephyr/drivers/clock_control/libdrivers__clock_control.a(clock_control_nrf.c.obj)
 .text.z_nrf_clock_control_lf_on
                0x0000000000009ba4       0xf8 zephyr/drivers/clock_control/libdrivers__clock_control.a(clock_control_nrf.c.obj)
                0x0000000000009ba4                z_nrf_clock_control_lf_on
 .text.nrf53_errata_159
                0x0000000000009c9c       0x28 zephyr/drivers/flash/libdrivers__flash.a(nrf_qspi_nor.c.obj)
 .text.qspi_nor_pages_layout
                0x0000000000009cc4       0x10 zephyr/drivers/flash/libdrivers__flash.a(nrf_qspi_nor.c.obj)
 .text.qspi_flash_get_parameters
                0x0000000000009cd4        0x8 zephyr/drivers/flash/libdrivers__flash.a(nrf_qspi_nor.c.obj)
 .text.nrf_qspi_pins_set.constprop.0
                0x0000000000009cdc       0x5c zephyr/drivers/flash/libdrivers__flash.a(nrf_qspi_nor.c.obj)
 .text.exit_dpd.isra.0
                0x0000000000009d38       0x94 zephyr/drivers/flash/libdrivers__flash.a(nrf_qspi_nor.c.obj)
 .text.qspi_nor_init
                0x0000000000009dcc      0x104 zephyr/drivers/flash/libdrivers__flash.a(nrf_qspi_nor.c.obj)
 .text.qspi_nor_pm_action
                0x0000000000009ed0       0xa0 zephyr/drivers/flash/libdrivers__flash.a(nrf_qspi_nor.c.obj)
 .text.flash_nrf_pages_layout
                0x0000000000009f70       0x10 zephyr/drivers/flash/libdrivers__flash.a(soc_flash_nrf.c.obj)
 .text.flash_nrf_get_parameters
                0x0000000000009f80        0x8 zephyr/drivers/flash/libdrivers__flash.a(soc_flash_nrf.c.obj)
 .text.nrf_flash_init
                0x0000000000009f88       0x28 zephyr/drivers/flash/libdrivers__flash.a(soc_flash_nrf.c.obj)
 .text.flash_nrf_erase
                0x0000000000009fb0       0x64 zephyr/drivers/flash/libdrivers__flash.a(soc_flash_nrf.c.obj)
 .text.flash_nrf_write
                0x000000000000a014       0x64 zephyr/drivers/flash/libdrivers__flash.a(soc_flash_nrf.c.obj)
 .text.pre_init0
                0x000000000000a078       0x20 zephyr/drivers/i2c/libdrivers__i2c.a(i2c_nrfx_twim.c.obj)
 .text.i2c_nrfx_twim_common_init
                0x000000000000a098       0x38 zephyr/drivers/i2c/libdrivers__i2c.a(i2c_nrfx_twim_common.c.obj)
                0x000000000000a098                i2c_nrfx_twim_common_init
 .text.mbox_nrf_init
                0x000000000000a0d0       0x6c zephyr/drivers/mbox/libdrivers__mbox.a(mbox_nrfx_ipc.c.obj)
 .text.nrf_gpio_pin_port_decode
                0x000000000000a13c       0x24 zephyr/drivers/pinctrl/libdrivers__pinctrl.a(pinctrl_nrf.c.obj)
 .text.pinctrl_configure_pins
                0x000000000000a160      0x1c8 zephyr/drivers/pinctrl/libdrivers__pinctrl.a(pinctrl_nrf.c.obj)
                0x000000000000a160                pinctrl_configure_pins
 .text.mpu6050_convert_gyro
                0x000000000000a328       0x30 zephyr/drivers/sensor/tdk/mpu6050/libdrivers__sensor__tdk__mpu6050.a(mpu6050.c.obj)
 .text.mpu6050_channel_get
                0x000000000000a358      0x1d4 zephyr/drivers/sensor/tdk/mpu6050/libdrivers__sensor__tdk__mpu6050.a(mpu6050.c.obj)
 .text.mpu6050_init
                0x000000000000a52c      0x14c zephyr/drivers/sensor/tdk/mpu6050/libdrivers__sensor__tdk__mpu6050.a(mpu6050.c.obj)
                0x000000000000a52c                mpu6050_init
 .text.uarte_instance_deinit
                0x000000000000a678        0xc zephyr/drivers/serial/libdrivers__serial.a(uart_nrfx_uarte.c.obj)
 .text.uarte_nrfx_poll_out
                0x000000000000a684       0xdc zephyr/drivers/serial/libdrivers__serial.a(uart_nrfx_uarte.c.obj)
 .text.uarte_0_init
                0x000000000000a760       0xcc zephyr/drivers/serial/libdrivers__serial.a(uart_nrfx_uarte.c.obj)
 .text.compare_int_lock
                0x000000000000a82c       0x40 zephyr/drivers/timer/libdrivers__timer.a(nrf_rtc_timer.c.obj)
 .text.sys_clock_timeout_handler
                0x000000000000a86c       0x50 zephyr/drivers/timer/libdrivers__timer.a(nrf_rtc_timer.c.obj)
 .text.compare_int_unlock
                0x000000000000a8bc       0x4c zephyr/drivers/timer/libdrivers__timer.a(nrf_rtc_timer.c.obj)
 .text.z_nrf_rtc_timer_read
                0x000000000000a908       0x44 zephyr/drivers/timer/libdrivers__timer.a(nrf_rtc_timer.c.obj)
                0x000000000000a908                z_nrf_rtc_timer_read
 .text.compare_set
                0x000000000000a94c      0x124 zephyr/drivers/timer/libdrivers__timer.a(nrf_rtc_timer.c.obj)
 .text.sys_clock_driver_init
                0x000000000000aa70       0x90 zephyr/drivers/timer/libdrivers__timer.a(nrf_rtc_timer.c.obj)
 .text.rtc_nrf_isr
                0x000000000000ab00       0xd0 zephyr/drivers/timer/libdrivers__timer.a(nrf_rtc_timer.c.obj)
                0x000000000000ab00                rtc_nrf_isr
 .text.sys_clock_set_timeout
                0x000000000000abd0       0x68 zephyr/drivers/timer/libdrivers__timer.a(nrf_rtc_timer.c.obj)
                0x000000000000abd0                sys_clock_set_timeout
 .text.sys_clock_elapsed
                0x000000000000ac38       0x20 zephyr/drivers/timer/libdrivers__timer.a(nrf_rtc_timer.c.obj)
                0x000000000000ac38                sys_clock_elapsed
 .text._heap_init
                0x000000000000ac58       0x10 modules/nrf/subsys/nrf_security/src/zephyr/libmbedtls_zephyr.a(mbedtls_heap.c.obj)
                0x000000000000ac58                _heap_init
 .text.nrf53_errata_42
                0x000000000000ac68       0x24 modules/hal_nordic/modules/hal_nordic/nrfx/libmodules__hal_nordic__nrfx.a(system_nrf5340_application.c.obj)
 .text.SystemInit
                0x000000000000ac8c      0x1d8 modules/hal_nordic/modules/hal_nordic/nrfx/libmodules__hal_nordic__nrfx.a(system_nrf5340_application.c.obj)
                0x000000000000ac8c                SystemInit
 .text.nrfx_gppi_init
                0x000000000000ae64        0xc modules/hal_nordic/modules/hal_nordic/nrfx/libmodules__hal_nordic__nrfx.a(nrfx_gppi_dppi.c.obj)
                0x000000000000ae64                nrfx_gppi_init
 .text.nrfx_gppi_domain_conn_alloc
                0x000000000000ae70       0x1c modules/hal_nordic/modules/hal_nordic/nrfx/libmodules__hal_nordic__nrfx.a(nrfx_gppi_dppi.c.obj)
                0x000000000000ae70                nrfx_gppi_domain_conn_alloc
 .text.nrfx_gppi_conn_enable
                0x000000000000ae8c       0x10 modules/hal_nordic/modules/hal_nordic/nrfx/libmodules__hal_nordic__nrfx.a(nrfx_gppi_dppi.c.obj)
                0x000000000000ae8c                nrfx_gppi_conn_enable
 .text.hfclk_event_handler
                0x000000000000ae9c        0xc modules/hal_nordic/modules/hal_nordic/nrfx/libmodules__hal_nordic__nrfx.a(nrfx_clock.c.obj)
 .text.lfclk_event_handler
                0x000000000000aea8        0xc modules/hal_nordic/modules/hal_nordic/nrfx/libmodules__hal_nordic__nrfx.a(nrfx_clock.c.obj)
 .text.hfclk192m_event_handler
                0x000000000000aeb4        0xc modules/hal_nordic/modules/hal_nordic/nrfx/libmodules__hal_nordic__nrfx.a(nrfx_clock.c.obj)
 .text.hfclkaudio_event_handler
                0x000000000000aec0        0xc modules/hal_nordic/modules/hal_nordic/nrfx/libmodules__hal_nordic__nrfx.a(nrfx_clock.c.obj)
 .text.nrfx_clock_init
                0x000000000000aecc       0x68 modules/hal_nordic/modules/hal_nordic/nrfx/libmodules__hal_nordic__nrfx.a(nrfx_clock.c.obj)
                0x000000000000aecc                nrfx_clock_init
 .text.nrfx_clock_enable
                0x000000000000af34       0x20 modules/hal_nordic/modules/hal_nordic/nrfx/libmodules__hal_nordic__nrfx.a(nrfx_clock.c.obj)
                0x000000000000af34                nrfx_clock_enable
 .text.nrfx_clock_hfclk_init
                0x000000000000af54       0x24 modules/hal_nordic/modules/hal_nordic/nrfx/libmodules__hal_nordic__nrfx.a(nrfx_clock_hfclk.c.obj)
                0x000000000000af54                nrfx_clock_hfclk_init
 .text.nrfx_clock_hfclk_start
                0x000000000000af78       0x38 modules/hal_nordic/modules/hal_nordic/nrfx/libmodules__hal_nordic__nrfx.a(nrfx_clock_hfclk.c.obj)
                0x000000000000af78                nrfx_clock_hfclk_start
 .text.nrfx_clock_hfclk_irq_handler
                0x000000000000afb0       0x30 modules/hal_nordic/modules/hal_nordic/nrfx/libmodules__hal_nordic__nrfx.a(nrfx_clock_hfclk.c.obj)
                0x000000000000afb0                nrfx_clock_hfclk_irq_handler
 .text.nrfx_clock_hfclkaudio_init
                0x000000000000afe0       0x1c modules/hal_nordic/modules/hal_nordic/nrfx/libmodules__hal_nordic__nrfx.a(nrfx_clock_hfclkaudio.c.obj)
                0x000000000000afe0                nrfx_clock_hfclkaudio_init
 .text.nrfx_clock_hfclkaudio_start
                0x000000000000affc       0x3c modules/hal_nordic/modules/hal_nordic/nrfx/libmodules__hal_nordic__nrfx.a(nrfx_clock_hfclkaudio.c.obj)
                0x000000000000affc                nrfx_clock_hfclkaudio_start
 .text.nrfx_clock_hfclkaudio_irq_handler
                0x000000000000b038       0x30 modules/hal_nordic/modules/hal_nordic/nrfx/libmodules__hal_nordic__nrfx.a(nrfx_clock_hfclkaudio.c.obj)
                0x000000000000b038                nrfx_clock_hfclkaudio_irq_handler
 .text.nrfx_clock_hfclk192m_init
                0x000000000000b068       0x24 modules/hal_nordic/modules/hal_nordic/nrfx/libmodules__hal_nordic__nrfx.a(nrfx_clock_hfclk192m.c.obj)
                0x000000000000b068                nrfx_clock_hfclk192m_init
 .text.nrfx_clock_hfclk192m_start
                0x000000000000b08c       0x3c modules/hal_nordic/modules/hal_nordic/nrfx/libmodules__hal_nordic__nrfx.a(nrfx_clock_hfclk192m.c.obj)
                0x000000000000b08c                nrfx_clock_hfclk192m_start
 .text.nrfx_clock_hfclk192m_irq_handler
                0x000000000000b0c8       0x30 modules/hal_nordic/modules/hal_nordic/nrfx/libmodules__hal_nordic__nrfx.a(nrfx_clock_hfclk192m.c.obj)
                0x000000000000b0c8                nrfx_clock_hfclk192m_irq_handler
 .text.nrfx_clock_lfclk_init
                0x000000000000b0f8       0x24 modules/hal_nordic/modules/hal_nordic/nrfx/libmodules__hal_nordic__nrfx.a(nrfx_clock_lfclk.c.obj)
                0x000000000000b0f8                nrfx_clock_lfclk_init
 .text.nrfx_clock_lfclk_start
                0x000000000000b11c       0x88 modules/hal_nordic/modules/hal_nordic/nrfx/libmodules__hal_nordic__nrfx.a(nrfx_clock_lfclk.c.obj)
                0x000000000000b11c                nrfx_clock_lfclk_start
 .text.nrfx_clock_lfclk_irq_handler
                0x000000000000b1a4       0x74 modules/hal_nordic/modules/hal_nordic/nrfx/libmodules__hal_nordic__nrfx.a(nrfx_clock_lfclk.c.obj)
                0x000000000000b1a4                nrfx_clock_lfclk_irq_handler
 .text.nrfx_ipc_init
                0x000000000000b218       0x28 modules/hal_nordic/modules/hal_nordic/nrfx/libmodules__hal_nordic__nrfx.a(nrfx_ipc.c.obj)
                0x000000000000b218                nrfx_ipc_init
 .text.nrfx_ipc_config_load
                0x000000000000b240       0x40 modules/hal_nordic/modules/hal_nordic/nrfx/libmodules__hal_nordic__nrfx.a(nrfx_ipc.c.obj)
                0x000000000000b240                nrfx_ipc_config_load
 .text.nrfx_ipc_receive_event_enable
                0x000000000000b280       0x10 modules/hal_nordic/modules/hal_nordic/nrfx/libmodules__hal_nordic__nrfx.a(nrfx_ipc.c.obj)
                0x000000000000b280                nrfx_ipc_receive_event_enable
 .text.nrfx_ipc_receive_event_disable
                0x000000000000b290       0x10 modules/hal_nordic/modules/hal_nordic/nrfx/libmodules__hal_nordic__nrfx.a(nrfx_ipc.c.obj)
                0x000000000000b290                nrfx_ipc_receive_event_disable
 .text.IPC_IRQHandler
                0x000000000000b2a0       0x40 modules/hal_nordic/modules/hal_nordic/nrfx/libmodules__hal_nordic__nrfx.a(nrfx_ipc.c.obj)
                0x000000000000b2a0                IPC_IRQHandler
 .text.nvmc_readonly_mode_set
                0x000000000000b2e0       0x14 modules/hal_nordic/modules/hal_nordic/nrfx/libmodules__hal_nordic__nrfx.a(nrfx_nvmc.c.obj)
 .text.nvmc_word_write
                0x000000000000b2f4       0x18 modules/hal_nordic/modules/hal_nordic/nrfx/libmodules__hal_nordic__nrfx.a(nrfx_nvmc.c.obj)
 .text.nrfx_nvmc_page_erase
                0x000000000000b30c       0x34 modules/hal_nordic/modules/hal_nordic/nrfx/libmodules__hal_nordic__nrfx.a(nrfx_nvmc.c.obj)
                0x000000000000b30c                nrfx_nvmc_page_erase
 .text.nrfx_nvmc_word_write
                0x000000000000b340       0x20 modules/hal_nordic/modules/hal_nordic/nrfx/libmodules__hal_nordic__nrfx.a(nrfx_nvmc.c.obj)
                0x000000000000b340                nrfx_nvmc_word_write
 .text.qspi_deactivate
                0x000000000000b360       0x24 modules/hal_nordic/modules/hal_nordic/nrfx/libmodules__hal_nordic__nrfx.a(nrfx_qspi.c.obj)
 .text.qspi_errata_159_conditions_check
                0x000000000000b384       0x44 modules/hal_nordic/modules/hal_nordic/nrfx/libmodules__hal_nordic__nrfx.a(nrfx_qspi.c.obj)
 .text.qspi_ready_wait
                0x000000000000b3c8       0x50 modules/hal_nordic/modules/hal_nordic/nrfx/libmodules__hal_nordic__nrfx.a(nrfx_qspi.c.obj)
 .text.qspi_activate
                0x000000000000b418       0x2c modules/hal_nordic/modules/hal_nordic/nrfx/libmodules__hal_nordic__nrfx.a(nrfx_qspi.c.obj)
 .text.qspi_xfer
                0x000000000000b444       0xf4 modules/hal_nordic/modules/hal_nordic/nrfx/libmodules__hal_nordic__nrfx.a(nrfx_qspi.c.obj)
 .text.qspi_event_xfer_handle.constprop.0
                0x000000000000b538       0x28 modules/hal_nordic/modules/hal_nordic/nrfx/libmodules__hal_nordic__nrfx.a(nrfx_qspi.c.obj)
 .text.nrf_gpio_cfg.constprop.0
                0x000000000000b560       0x44 modules/hal_nordic/modules/hal_nordic/nrfx/libmodules__hal_nordic__nrfx.a(nrfx_qspi.c.obj)
 .text.nrf_qspi_cinstrdata_get.constprop.0
                0x000000000000b5a4       0x40 modules/hal_nordic/modules/hal_nordic/nrfx/libmodules__hal_nordic__nrfx.a(nrfx_qspi.c.obj)
 .text.nrf_qspi_cinstrdata_set.constprop.0
                0x000000000000b5e4       0x64 modules/hal_nordic/modules/hal_nordic/nrfx/libmodules__hal_nordic__nrfx.a(nrfx_qspi.c.obj)
 .text.nrf_qspi_pins_set.constprop.0
                0x000000000000b648       0x5c modules/hal_nordic/modules/hal_nordic/nrfx/libmodules__hal_nordic__nrfx.a(nrfx_qspi.c.obj)
 .text.qspi_workaround_215_43_apply
                0x000000000000b6a4       0x70 modules/hal_nordic/modules/hal_nordic/nrfx/libmodules__hal_nordic__nrfx.a(nrfx_qspi.c.obj)
 .text.qspi_configure
                0x000000000000b714      0x178 modules/hal_nordic/modules/hal_nordic/nrfx/libmodules__hal_nordic__nrfx.a(nrfx_qspi.c.obj)
 .text.nrfx_qspi_init
                0x000000000000b88c       0x38 modules/hal_nordic/modules/hal_nordic/nrfx/libmodules__hal_nordic__nrfx.a(nrfx_qspi.c.obj)
                0x000000000000b88c                nrfx_qspi_init
 .text.nrfx_qspi_cinstr_xfer
                0x000000000000b8c4       0xb8 modules/hal_nordic/modules/hal_nordic/nrfx/libmodules__hal_nordic__nrfx.a(nrfx_qspi.c.obj)
                0x000000000000b8c4                nrfx_qspi_cinstr_xfer
 .text.nrfx_qspi_mem_busy_check
                0x000000000000b97c       0x38 modules/hal_nordic/modules/hal_nordic/nrfx/libmodules__hal_nordic__nrfx.a(nrfx_qspi.c.obj)
                0x000000000000b97c                nrfx_qspi_mem_busy_check
 .text.nrfx_qspi_uninit
                0x000000000000b9b4       0x78 modules/hal_nordic/modules/hal_nordic/nrfx/libmodules__hal_nordic__nrfx.a(nrfx_qspi.c.obj)
                0x000000000000b9b4                nrfx_qspi_uninit
 .text.nrfx_qspi_activate
                0x000000000000ba2c       0x18 modules/hal_nordic/modules/hal_nordic/nrfx/libmodules__hal_nordic__nrfx.a(nrfx_qspi.c.obj)
                0x000000000000ba2c                nrfx_qspi_activate
 .text.nrfx_qspi_deactivate
                0x000000000000ba44       0x20 modules/hal_nordic/modules/hal_nordic/nrfx/libmodules__hal_nordic__nrfx.a(nrfx_qspi.c.obj)
                0x000000000000ba44                nrfx_qspi_deactivate
 .text.nrfx_qspi_init_check
                0x000000000000ba64       0x14 modules/hal_nordic/modules/hal_nordic/nrfx/libmodules__hal_nordic__nrfx.a(nrfx_qspi.c.obj)
                0x000000000000ba64                nrfx_qspi_init_check
 .text.nrfx_qspi_erase
                0x000000000000ba78       0x9c modules/hal_nordic/modules/hal_nordic/nrfx/libmodules__hal_nordic__nrfx.a(nrfx_qspi.c.obj)
                0x000000000000ba78                nrfx_qspi_erase
 .text.QSPI_IRQHandler
                0x000000000000bb14       0x94 modules/hal_nordic/modules/hal_nordic/nrfx/libmodules__hal_nordic__nrfx.a(nrfx_qspi.c.obj)
                0x000000000000bb14                QSPI_IRQHandler
 .text.nrf_gpio_cfg.constprop.0
                0x000000000000bba8       0x48 modules/hal_nordic/modules/hal_nordic/nrfx/libmodules__hal_nordic__nrfx.a(nrfx_twim.c.obj)
 .text.nrfx_twim_disable
                0x000000000000bbf0       0x2c modules/hal_nordic/modules/hal_nordic/nrfx/libmodules__hal_nordic__nrfx.a(nrfx_twim.c.obj)
                0x000000000000bbf0                nrfx_twim_disable
 .text.nrfx_twim_xfer
                0x000000000000bc1c      0x2c8 modules/hal_nordic/modules/hal_nordic/nrfx/libmodules__hal_nordic__nrfx.a(nrfx_twim.c.obj)
                0x000000000000bc1c                nrfx_twim_xfer
 .text.nrfx_twim_irq_handler
                0x000000000000bee4      0x16c modules/hal_nordic/modules/hal_nordic/nrfx/libmodules__hal_nordic__nrfx.a(nrfx_twim.c.obj)
                0x000000000000bee4                nrfx_twim_irq_handler
 .text.nrf_gpio_pin_port_decode
                0x000000000000c050       0x24 modules/hal_nordic/modules/hal_nordic/nrfx/libmodules__hal_nordic__nrfx.a(nrfx_twi_twim.c.obj)
 .text.nrfx_twi_twim_bus_recover
                0x000000000000c074       0xd4 modules/hal_nordic/modules/hal_nordic/nrfx/libmodules__hal_nordic__nrfx.a(nrfx_twi_twim.c.obj)
                0x000000000000c074                nrfx_twi_twim_bus_recover
 .text.metal_generic_dev_open
                0x000000000000c148       0x40 modules/libmetal/libmetal/lib/libmetal.a(device.c.obj)
                0x000000000000c148                metal_generic_dev_open
 .text.metal_bus_unregister
                0x000000000000c188       0x3c modules/libmetal/libmetal/lib/libmetal.a(device.c.obj)
                0x000000000000c188                metal_bus_unregister
 .text.metal_bus_find
                0x000000000000c1c4       0x3c modules/libmetal/libmetal/lib/libmetal.a(device.c.obj)
                0x000000000000c1c4                metal_bus_find
 .text.metal_bus_register
                0x000000000000c200       0x5c modules/libmetal/libmetal/lib/libmetal.a(device.c.obj)
                0x000000000000c200                metal_bus_register
 .text.metal_init
                0x000000000000c25c       0x4c modules/libmetal/libmetal/lib/libmetal.a(init.c.obj)
                0x000000000000c25c                metal_init
 .text.metal_finish
                0x000000000000c2a8       0x24 modules/libmetal/libmetal/lib/libmetal.a(init.c.obj)
                0x000000000000c2a8                metal_finish
 .text.metal_sys_init
                0x000000000000c2cc       0x10 modules/libmetal/libmetal/lib/libmetal.a(init.c.obj)
                0x000000000000c2cc                metal_sys_init
 .text.metal_sys_finish
                0x000000000000c2dc        0xc modules/libmetal/libmetal/lib/libmetal.a(init.c.obj)
                0x000000000000c2dc                metal_sys_finish
 .text.metal_zephyr_log_handler
                0x000000000000c2e8       0x3c modules/libmetal/libmetal/lib/libmetal.a(log.c.obj)
                0x000000000000c2e8                metal_zephyr_log_handler
 .text.virtio_create_virtqueues
                0x000000000000c324       0xbc modules/open-amp/open-amp/lib/libopen_amp.a(virtio.c.obj)
                0x000000000000c324                virtio_create_virtqueues
 .text.virtqueue_free
                0x000000000000c3e0       0x38 modules/open-amp/open-amp/lib/libopen_amp.a(virtqueue.c.obj)
                0x000000000000c3e0                virtqueue_free
 .text.virtqueue_add_consumed_buffer
                0x000000000000c418       0x38 modules/open-amp/open-amp/lib/libopen_amp.a(virtqueue.c.obj)
                0x000000000000c418                virtqueue_add_consumed_buffer
 .text.rpmsg_send_offchannel_raw
                0x000000000000c450       0x2c modules/open-amp/open-amp/lib/libopen_amp.a(rpmsg.c.obj)
                0x000000000000c450                rpmsg_send_offchannel_raw
 .text.rpmsg_send_offchannel_nocopy
                0x000000000000c47c       0x2c modules/open-amp/open-amp/lib/libopen_amp.a(rpmsg.c.obj)
                0x000000000000c47c                rpmsg_send_offchannel_nocopy
 .text.rpmsg_create_ept
                0x000000000000c4a8      0x114 modules/open-amp/open-amp/lib/libopen_amp.a(rpmsg.c.obj)
                0x000000000000c4a8                rpmsg_create_ept
 .text.rpmsg_virtio_buf_held_dec_test
                0x000000000000c5bc       0x38 modules/open-amp/open-amp/lib/libopen_amp.a(rpmsg_virtio.c.obj)
 .text.rpmsg_virtio_get_tx_buffer_size
                0x000000000000c5f4       0x4c modules/open-amp/open-amp/lib/libopen_amp.a(rpmsg_virtio.c.obj)
                0x000000000000c5f4                rpmsg_virtio_get_tx_buffer_size
 .text.rpmsg_virtio_get_rx_buffer_size
                0x000000000000c640       0x4c modules/open-amp/open-amp/lib/libopen_amp.a(rpmsg_virtio.c.obj)
                0x000000000000c640                rpmsg_virtio_get_rx_buffer_size
 .text.rpmsg_virtio_send_offchannel_raw
                0x000000000000c68c       0x58 modules/open-amp/open-amp/lib/libopen_amp.a(rpmsg_virtio.c.obj)
 .text.rpmsg_init_vdev_with_config
                0x000000000000c6e4      0x2ac modules/open-amp/open-amp/lib/libopen_amp.a(rpmsg_virtio.c.obj)
                0x000000000000c6e4                rpmsg_init_vdev_with_config
 .text.rpmsg_init_vdev
                0x000000000000c990       0x2c modules/open-amp/open-amp/lib/libopen_amp.a(rpmsg_virtio.c.obj)
                0x000000000000c990                rpmsg_init_vdev
 .text.z_fatal_error
                0x000000000000c9bc       0x30 zephyr/kernel/libkernel.a(fatal.c.obj)
                0x000000000000c9bc                z_fatal_error
 .text.z_sys_init_run_level
                0x000000000000c9ec       0x30 zephyr/kernel/libkernel.a(init.c.obj)
 .text.bg_thread_main
                0x000000000000ca1c       0xc4 zephyr/kernel/libkernel.a(init.c.obj)
 .text.z_init_cpu
                0x000000000000cae0       0x70 zephyr/kernel/libkernel.a(init.c.obj)
                0x000000000000cae0                z_init_cpu
 .text.z_cstart
                0x000000000000cb50       0xd0 zephyr/kernel/libkernel.a(init.c.obj)
                0x000000000000cb50                z_cstart
 .text.statics_init
                0x000000000000cc20       0x24 zephyr/kernel/libkernel.a(kheap.c.obj)
 .text.init_mem_slab_obj_core_list
                0x000000000000cc44       0x24 zephyr/kernel/libkernel.a(mem_slab.c.obj)
 .text.k_mem_slab_alloc
                0x000000000000cc68       0x5c zephyr/kernel/libkernel.a(mem_slab.c.obj)
                0x000000000000cc68                k_mem_slab_alloc
 .text.z_impl_k_mutex_lock
                0x000000000000ccc4       0xf0 zephyr/kernel/libkernel.a(mutex.c.obj)
                0x000000000000ccc4                z_impl_k_mutex_lock
 .text.z_impl_k_mutex_unlock
                0x000000000000cdb4       0xa0 zephyr/kernel/libkernel.a(mutex.c.obj)
                0x000000000000cdb4                z_impl_k_mutex_unlock
 .text.z_impl_k_queue_get
                0x000000000000ce54       0x64 zephyr/kernel/libkernel.a(queue.c.obj)
                0x000000000000ce54                z_impl_k_queue_get
 .text.z_impl_k_sem_give
                0x000000000000ceb8       0x74 zephyr/kernel/libkernel.a(sem.c.obj)
                0x000000000000ceb8                z_impl_k_sem_give
 .text.z_impl_k_sem_take
                0x000000000000cf2c       0x4c zephyr/kernel/libkernel.a(sem.c.obj)
                0x000000000000cf2c                z_impl_k_sem_take
 .text.k_sys_work_q_init
                0x000000000000cf78       0x2c zephyr/kernel/libkernel.a(system_work_q.c.obj)
 .text.work_queue_main
                0x000000000000cfa4      0x14c zephyr/kernel/libkernel.a(work.c.obj)
 .text.cancel_sync_locked
                0x000000000000d0f0       0x3c zephyr/kernel/libkernel.a(work.c.obj)
 .text.submit_to_queue_locked
                0x000000000000d12c       0xb8 zephyr/kernel/libkernel.a(work.c.obj)
 .text.work_flush_locked
                0x000000000000d1e4       0x78 zephyr/kernel/libkernel.a(work.c.obj)
 .text.k_work_submit
                0x000000000000d25c        0xc zephyr/kernel/libkernel.a(work.c.obj)
                0x000000000000d25c                k_work_submit
 .text.k_work_queue_start
                0x000000000000d268       0x80 zephyr/kernel/libkernel.a(work.c.obj)
                0x000000000000d268                k_work_queue_start
 .text.k_work_queue_drain
                0x000000000000d2e8       0x78 zephyr/kernel/libkernel.a(work.c.obj)
                0x000000000000d2e8                k_work_queue_drain
 .text.k_work_schedule_for_queue
                0x000000000000d360       0x54 zephyr/kernel/libkernel.a(work.c.obj)
                0x000000000000d360                k_work_schedule_for_queue
 .text.k_work_schedule
                0x000000000000d3b4        0xc zephyr/kernel/libkernel.a(work.c.obj)
                0x000000000000d3b4                k_work_schedule
 .text.k_work_reschedule_for_queue
                0x000000000000d3c0       0x5c zephyr/kernel/libkernel.a(work.c.obj)
                0x000000000000d3c0                k_work_reschedule_for_queue
 .text.k_work_reschedule
                0x000000000000d41c        0xc zephyr/kernel/libkernel.a(work.c.obj)
                0x000000000000d41c                k_work_reschedule
 .text.z_impl_k_thread_name_set
                0x000000000000d428       0x20 zephyr/kernel/libkernel.a(thread.c.obj)
                0x000000000000d428                z_impl_k_thread_name_set
 .text.z_setup_new_thread
                0x000000000000d448       0xc8 zephyr/kernel/libkernel.a(thread.c.obj)
                0x000000000000d448                z_setup_new_thread
 .text.z_impl_k_thread_create
                0x000000000000d510       0x58 zephyr/kernel/libkernel.a(thread.c.obj)
                0x000000000000d510                z_impl_k_thread_create
 .text.z_dummy_thread_init
                0x000000000000d568       0x20 zephyr/kernel/libkernel.a(thread.c.obj)
                0x000000000000d568                z_dummy_thread_init
 .text.z_swap_irqlock
                0x000000000000d588       0x34 zephyr/kernel/libkernel.a(sched.c.obj)
 .text.ready_thread
                0x000000000000d5bc       0x84 zephyr/kernel/libkernel.a(sched.c.obj)
 .text.unready_thread
                0x000000000000d640       0x54 zephyr/kernel/libkernel.a(sched.c.obj)
 .text.add_thread_timeout
                0x000000000000d694       0x1c zephyr/kernel/libkernel.a(sched.c.obj)
 .text.move_thread_to_end_of_prio_q
                0x000000000000d6b0       0x90 zephyr/kernel/libkernel.a(sched.c.obj)
                0x000000000000d6b0                move_thread_to_end_of_prio_q
 .text.z_pend_curr
                0x000000000000d740       0x44 zephyr/kernel/libkernel.a(sched.c.obj)
                0x000000000000d740                z_pend_curr
 .text.z_thread_prio_set
                0x000000000000d784       0xe4 zephyr/kernel/libkernel.a(sched.c.obj)
                0x000000000000d784                z_thread_prio_set
 .text.z_reschedule
                0x000000000000d868       0x24 zephyr/kernel/libkernel.a(sched.c.obj)
                0x000000000000d868                z_reschedule
 .text.z_reschedule_irqlock
                0x000000000000d88c       0x28 zephyr/kernel/libkernel.a(sched.c.obj)
                0x000000000000d88c                z_reschedule_irqlock
 .text.k_sched_lock
                0x000000000000d8b4       0x28 zephyr/kernel/libkernel.a(sched.c.obj)
                0x000000000000d8b4                k_sched_lock
 .text.k_sched_unlock
                0x000000000000d8dc       0x68 zephyr/kernel/libkernel.a(sched.c.obj)
                0x000000000000d8dc                k_sched_unlock
 .text.z_sched_init
                0x000000000000d944       0x10 zephyr/kernel/libkernel.a(sched.c.obj)
                0x000000000000d944                z_sched_init
 .text.z_impl_k_yield
                0x000000000000d954       0x88 zephyr/kernel/libkernel.a(sched.c.obj)
                0x000000000000d954                z_impl_k_yield
 .text.z_tick_sleep
                0x000000000000d9dc       0x78 zephyr/kernel/libkernel.a(sched.c.obj)
 .text.z_impl_k_wakeup
                0x000000000000da54       0x48 zephyr/kernel/libkernel.a(sched.c.obj)
                0x000000000000da54                z_impl_k_wakeup
 .text.z_impl_k_sched_current_thread_query
                0x000000000000da9c        0xc zephyr/kernel/libkernel.a(sched.c.obj)
                0x000000000000da9c                z_impl_k_sched_current_thread_query
 .text.z_thread_abort
                0x000000000000daa8      0x144 zephyr/kernel/libkernel.a(sched.c.obj)
                0x000000000000daa8                z_thread_abort
 .text.z_sched_wait
                0x000000000000dbec       0x24 zephyr/kernel/libkernel.a(sched.c.obj)
                0x000000000000dbec                z_sched_wait
 .text.slice_timeout
                0x000000000000dc10       0x20 zephyr/kernel/libkernel.a(timeslicing.c.obj)
 .text.thread_is_sliceable
                0x000000000000dc30       0x3c zephyr/kernel/libkernel.a(timeslicing.c.obj)
                0x000000000000dc30                thread_is_sliceable
 .text.z_reset_time_slice
                0x000000000000dc6c       0x50 zephyr/kernel/libkernel.a(timeslicing.c.obj)
                0x000000000000dc6c                z_reset_time_slice
 .text.z_time_slice
                0x000000000000dcbc       0x60 zephyr/kernel/libkernel.a(timeslicing.c.obj)
                0x000000000000dcbc                z_time_slice
 .text.z_thread_monitor_exit
                0x000000000000dd1c       0x44 zephyr/kernel/libkernel.a(thread_monitor.c.obj)
                0x000000000000dd1c                z_thread_monitor_exit
 .text.first    0x000000000000dd60       0x10 zephyr/kernel/libkernel.a(timeout.c.obj)
 .text.elapsed  0x000000000000dd70       0x14 zephyr/kernel/libkernel.a(timeout.c.obj)
 .text.remove_timeout
                0x000000000000dd84       0x38 zephyr/kernel/libkernel.a(timeout.c.obj)
 .text.z_add_timeout
                0x000000000000ddbc      0x120 zephyr/kernel/libkernel.a(timeout.c.obj)
                0x000000000000ddbc                z_add_timeout
 .text.sys_clock_announce
                0x000000000000dedc       0xb0 zephyr/kernel/libkernel.a(timeout.c.obj)
                0x000000000000dedc                sys_clock_announce
 .text.sys_clock_tick_get
                0x000000000000df8c       0x30 zephyr/kernel/libkernel.a(timeout.c.obj)
                0x000000000000df8c                sys_clock_tick_get
 .text.z_impl_k_poll_signal_raise
                0x000000000000dfbc       0x50 zephyr/kernel/libkernel.a(poll.c.obj)
                0x000000000000dfbc                z_impl_k_poll_signal_raise
 .text.k_event_post_internal
                0x000000000000e00c       0x6c zephyr/kernel/libkernel.a(events.c.obj)
 .text.z_thread_alloc_helper
                0x000000000000e078       0x38 zephyr/kernel/libkernel.a(mempool.c.obj)
 .text.k_malloc
                0x000000000000e0b0       0x14 zephyr/kernel/libkernel.a(mempool.c.obj)
                0x000000000000e0b0                k_malloc
 .text.k_thread_system_pool_assign
                0x000000000000e0c4        0xc zephyr/kernel/libkernel.a(mempool.c.obj)
                0x000000000000e0c4                k_thread_system_pool_assign
 .text.z_thread_malloc
                0x000000000000e0d0       0x10 zephyr/kernel/libkernel.a(mempool.c.obj)
                0x000000000000e0d0                z_thread_malloc
 .text.verify_header
                0x000000000000e0e0       0x40 modules/nrf/subsys/nrf_security/src/libmbedcrypto.a(memory_buffer_alloc.c.obj)
 .text.verify_chain
                0x000000000000e120       0x3c modules/nrf/subsys/nrf_security/src/libmbedcrypto.a(memory_buffer_alloc.c.obj)
 .text.buffer_alloc_calloc_mutexed